Archive member included because of file (symbol)

/opt/parallax/lib/gcc/propeller-elf/4.6.1/../../../../propeller-elf/lib/xmmc/libc.a(fgetc.o)
                              Pcon.o (_fgetc)
/opt/parallax/lib/gcc/propeller-elf/4.6.1/../../../../propeller-elf/lib/xmmc/libc.a(fputc.o)
                              Pcon.o (_fputc)
/opt/parallax/lib/gcc/propeller-elf/4.6.1/../../../../propeller-elf/lib/xmmc/libc.a(setvbuf.o)
                              Pcon.o (_setvbuf)
/opt/parallax/lib/gcc/propeller-elf/4.6.1/../../../../propeller-elf/lib/xmmc/libc.a(fopen_intern.o)
                              Pcon.o (___files)
/opt/parallax/lib/gcc/propeller-elf/4.6.1/../../../../propeller-elf/lib/xmmc/libc.a(simple_printf.o)
                              Pcon.o (___simple_printf)
/opt/parallax/lib/gcc/propeller-elf/4.6.1/../../../../propeller-elf/lib/xmmc/libc.a(init_io.o)
                              /opt/parallax/lib/gcc/propeller-elf/4.6.1/../../../../propeller-elf/lib/xmmc/libc.a(fopen_intern.o) (__InitIO)
/opt/parallax/lib/gcc/propeller-elf/4.6.1/../../../../propeller-elf/lib/xmmc/libc.a(malloc.o)
                              /opt/parallax/lib/gcc/propeller-elf/4.6.1/../../../../propeller-elf/lib/xmmc/libc.a(setvbuf.o) (_malloc)
/opt/parallax/lib/gcc/propeller-elf/4.6.1/../../../../propeller-elf/lib/xmmc/libc.a(ctype.o)
                              /opt/parallax/lib/gcc/propeller-elf/4.6.1/../../../../propeller-elf/lib/xmmc/libc.a(simple_printf.o) (___ctype)
/opt/parallax/lib/gcc/propeller-elf/4.6.1/../../../../propeller-elf/lib/xmmc/libc.a(sbrk.o)
                              /opt/parallax/lib/gcc/propeller-elf/4.6.1/../../../../propeller-elf/lib/xmmc/libc.a(malloc.o) (__sbrk)
/opt/parallax/lib/gcc/propeller-elf/4.6.1/../../../../propeller-elf/lib/xmmc/libc.a(thread.o)
                              /opt/parallax/lib/gcc/propeller-elf/4.6.1/../../../../propeller-elf/lib/xmmc/libc.a(fopen_intern.o) (__TLS)
/opt/parallax/lib/gcc/propeller-elf/4.6.1/../../../../propeller-elf/lib/xmmc/libc.a(memset.o)
                              /opt/parallax/lib/gcc/propeller-elf/4.6.1/xmmc/_crtbegin.o (_memset)
/opt/parallax/lib/gcc/propeller-elf/4.6.1/../../../../propeller-elf/lib/xmmc/libc.a(sleep.o)
                              Pcon.o (_sleep)
/opt/parallax/lib/gcc/propeller-elf/4.6.1/../../../../propeller-elf/lib/xmmc/libc.a(FdSerial.o)
                              Pcon.o (__FullDuplexSerialDriver)
/opt/parallax/lib/gcc/propeller-elf/4.6.1/../../../../propeller-elf/lib/xmmc/libc.a(FullDuplexSerial.cog)
                              /opt/parallax/lib/gcc/propeller-elf/4.6.1/../../../../propeller-elf/lib/xmmc/libc.a(FdSerial.o) (_binary_FullDuplexSerial_dat_start)
/opt/parallax/lib/gcc/propeller-elf/4.6.1/../../../../propeller-elf/lib/xmmc/libc.a(drivers.o)
                              /opt/parallax/lib/gcc/propeller-elf/4.6.1/../../../../propeller-elf/lib/xmmc/libc.a(FdSerial.o) (_load_cog_driver_xmm)
/opt/parallax/lib/gcc/propeller-elf/4.6.1/../../../../propeller-elf/lib/xmmc/libc.a(terminal.o)
                              /opt/parallax/lib/gcc/propeller-elf/4.6.1/../../../../propeller-elf/lib/xmmc/libc.a(FdSerial.o) (__term_write)
/opt/parallax/lib/gcc/propeller-elf/4.6.1/../../../../propeller-elf/lib/xmmc/libc.a(FileDriver.o)
                              Pcon.o (__FileDriver)
/opt/parallax/lib/gcc/propeller-elf/4.6.1/../../../../propeller-elf/lib/xmmc/libc.a(dosfs.o)
                              /opt/parallax/lib/gcc/propeller-elf/4.6.1/../../../../propeller-elf/lib/xmmc/libc.a(FileDriver.o) (_DFS_GetVolInfo)
/opt/parallax/lib/gcc/propeller-elf/4.6.1/../../../../propeller-elf/lib/xmmc/libc.a(file_io.o)
                              /opt/parallax/lib/gcc/propeller-elf/4.6.1/../../../../propeller-elf/lib/xmmc/libc.a(FileDriver.o) (_DFS_InitFileIO)
/opt/parallax/lib/gcc/propeller-elf/4.6.1/../../../../propeller-elf/lib/xmmc/libc.a(load_sd_driver.o)
                              /opt/parallax/lib/gcc/propeller-elf/4.6.1/../../../../propeller-elf/lib/xmmc/libc.a(FileDriver.o) (_LoadSDDriver)
/opt/parallax/lib/gcc/propeller-elf/4.6.1/../../../../propeller-elf/lib/xmmc/libc.a(sd_driver.cog)
                              /opt/parallax/lib/gcc/propeller-elf/4.6.1/../../../../propeller-elf/lib/xmmc/libc.a(load_sd_driver.o) (_binary_sd_driver_dat_start)
/opt/parallax/lib/gcc/propeller-elf/4.6.1/../../../../propeller-elf/lib/xmmc/libc.a(fflush.o)
                              /opt/parallax/lib/gcc/propeller-elf/4.6.1/../../../../propeller-elf/lib/xmmc/libc.a(fgetc.o) (_fflush)
/opt/parallax/lib/gcc/propeller-elf/4.6.1/../../../../propeller-elf/lib/xmmc/libc.a(atoi.o)
                              /opt/parallax/lib/gcc/propeller-elf/4.6.1/../../../../propeller-elf/lib/xmmc/libc.a(FdSerial.o) (_atoi)
/opt/parallax/lib/gcc/propeller-elf/4.6.1/../../../../propeller-elf/lib/xmmc/libc.a(div.o)
                              /opt/parallax/lib/gcc/propeller-elf/4.6.1/../../../../propeller-elf/lib/xmmc/libc.a(dosfs.o) (_ldiv)
/opt/parallax/lib/gcc/propeller-elf/4.6.1/../../../../propeller-elf/lib/xmmc/libc.a(nap.o)
                              /opt/parallax/lib/gcc/propeller-elf/4.6.1/../../../../propeller-elf/lib/xmmc/libc.a(sleep.o) (___napuntil)
/opt/parallax/lib/gcc/propeller-elf/4.6.1/../../../../propeller-elf/lib/xmmc/libc.a(memcpy.o)
                              /opt/parallax/lib/gcc/propeller-elf/4.6.1/../../../../propeller-elf/lib/xmmc/libc.a(drivers.o) (_memcpy)
/opt/parallax/lib/gcc/propeller-elf/4.6.1/../../../../propeller-elf/lib/xmmc/libc.a(memcmp.o)
                              /opt/parallax/lib/gcc/propeller-elf/4.6.1/../../../../propeller-elf/lib/xmmc/libc.a(dosfs.o) (_memcmp)
/opt/parallax/lib/gcc/propeller-elf/4.6.1/../../../../propeller-elf/lib/xmmc/libc.a(strcat.o)
                              /opt/parallax/lib/gcc/propeller-elf/4.6.1/../../../../propeller-elf/lib/xmmc/libc.a(FileDriver.o) (_strcat)
/opt/parallax/lib/gcc/propeller-elf/4.6.1/../../../../propeller-elf/lib/xmmc/libc.a(strcmp.o)
                              /opt/parallax/lib/gcc/propeller-elf/4.6.1/../../../../propeller-elf/lib/xmmc/libc.a(FileDriver.o) (_strcmp)
/opt/parallax/lib/gcc/propeller-elf/4.6.1/../../../../propeller-elf/lib/xmmc/libc.a(strcpy.o)
                              /opt/parallax/lib/gcc/propeller-elf/4.6.1/../../../../propeller-elf/lib/xmmc/libc.a(FileDriver.o) (_strcpy)
/opt/parallax/lib/gcc/propeller-elf/4.6.1/../../../../propeller-elf/lib/xmmc/libc.a(strlen.o)
                              /opt/parallax/lib/gcc/propeller-elf/4.6.1/../../../../propeller-elf/lib/xmmc/libc.a(FileDriver.o) (_strlen)
/opt/parallax/lib/gcc/propeller-elf/4.6.1/../../../../propeller-elf/lib/xmmc/libc.a(strncmp.o)
                              /opt/parallax/lib/gcc/propeller-elf/4.6.1/../../../../propeller-elf/lib/xmmc/libc.a(FileDriver.o) (_strncmp)
/opt/parallax/lib/gcc/propeller-elf/4.6.1/../../../../propeller-elf/lib/xmmc/libc.a(strncpy.o)
                              /opt/parallax/lib/gcc/propeller-elf/4.6.1/../../../../propeller-elf/lib/xmmc/libc.a(dosfs.o) (_strncpy)
/opt/parallax/lib/gcc/propeller-elf/4.6.1/../../../../propeller-elf/lib/xmmc/libc.a(xmmcopy.o)
                              /opt/parallax/lib/gcc/propeller-elf/4.6.1/../../../../propeller-elf/lib/xmmc/libc.a(memcpy.o) (__copy_from_xmm)
/opt/parallax/lib/gcc/propeller-elf/4.6.1/../../../../propeller-elf/lib/xmmc/libc.a(serialparam.o)
                              /opt/parallax/lib/gcc/propeller-elf/4.6.1/../../../../propeller-elf/lib/xmmc/libc.a(FdSerial.o) (__baud)

Allocating common symbols
Common symbol       size              file

___stdio_lock       0x4               /opt/parallax/lib/gcc/propeller-elf/4.6.1/../../../../propeller-elf/lib/xmmc/libc.a(fopen_intern.o)
_dfs_volinfo        0x34              /opt/parallax/lib/gcc/propeller-elf/4.6.1/../../../../propeller-elf/lib/xmmc/libc.a(FileDriver.o)
_(float, int, long,...)(short)
                    0x1a0             /opt/parallax/lib/gcc/propeller-elf/4.6.1/../../../../propeller-elf/lib/xmmc/libc.a(fopen_intern.o)
_dfs_currdir        0x40              /opt/parallax/lib/gcc/propeller-elf/4.6.1/../../../../propeller-elf/lib/xmmc/libc.a(FileDriver.o)

Memory Configuration

Name             Origin             Length             Attributes
hub              0x0000000000000000 0x0000000000008000
cog              0x0000000000000000 0x00000000000007c0
coguser          0x0000000000000000 0x00000000000007c0
ram              0x0000000020000000 0x0000000010000000
rom              0x0000000030000000 0x0000000010000000
drivers          0x00000000c0000000 0x0000000000100000
dummy            0x00000000e0000000 0x0000000000100000
*default*        0x0000000000000000 0xffffffffffffffff

Linker script and memory map

LOAD /opt/parallax/lib/gcc/propeller-elf/4.6.1/xmmc/hubstart_xmm.o
LOAD /opt/parallax/lib/gcc/propeller-elf/4.6.1/xmmc/_crt0.o
LOAD /opt/parallax/lib/gcc/propeller-elf/4.6.1/xmmc/_crtbegin.o
LOAD Pcon.o
LOAD /opt/parallax/lib/gcc/propeller-elf/4.6.1/xmmc/libgcc.a
START GROUP
LOAD /opt/parallax/lib/gcc/propeller-elf/4.6.1/../../../../propeller-elf/lib/xmmc/libc.a
LOAD /opt/parallax/lib/gcc/propeller-elf/4.6.1/xmmc/libgcc.a
END GROUP
LOAD /opt/parallax/lib/gcc/propeller-elf/4.6.1/xmmc/libgcc.a
LOAD /opt/parallax/lib/gcc/propeller-elf/4.6.1/xmmc/_crtend.o

.boot
 *(.boot)

.xmmkernel      0x0000000000000000      0x6c8 load address 0x00000000e0000000
 *(.xmmkernel)
 .xmmkernel     0x0000000000000000      0x6c4 /opt/parallax/lib/gcc/propeller-elf/4.6.1/xmmc/_crt0.o
                0x0000000000000000                r0
                0x0000000000000000                __LMM_entry
                0x0000000000000004                r1
                0x0000000000000008                r2
                0x000000000000000c                r3
                0x0000000000000010                r4
                0x0000000000000014                r5
                0x0000000000000018                r6
                0x000000000000001c                r7
                0x0000000000000020                r8
                0x0000000000000024                r9
                0x0000000000000028                r10
                0x000000000000002c                r11
                0x0000000000000030                r12
                0x0000000000000034                r13
                0x0000000000000038                r14
                0x000000000000003c                lr
                0x0000000000000040                sp
                0x0000000000000044                pc
                0x0000000000000048                __C_LOCK_PTR
                0x000000000000005c                __LMM_MVI_r0
                0x000000000000006c                __LMM_MVI_r1
                0x000000000000007c                __LMM_MVI_r2
                0x000000000000008c                __LMM_MVI_r3
                0x000000000000009c                __LMM_MVI_r4
                0x00000000000000ac                __LMM_MVI_r5
                0x00000000000000bc                __LMM_MVI_r6
                0x00000000000000cc                __LMM_MVI_r7
                0x00000000000000dc                __LMM_MVI_r8
                0x00000000000000ec                __LMM_MVI_r9
                0x00000000000000fc                __LMM_MVI_r10
                0x000000000000010c                __LMM_MVI_r11
                0x000000000000011c                __LMM_MVI_r12
                0x000000000000012c                __LMM_MVI_r13
                0x000000000000013c                __LMM_MVI_r14
                0x000000000000014c                __LMM_MVI_lr
                0x000000000000015c                __LMM_CALL
                0x0000000000000170                __LMM_CALL_INDIRECT
                0x000000000000017c                __LMM_JMP
                0x000000000000018c                __LMM_RDBYTEI
                0x0000000000000194                __LMM_RDWORDI
                0x000000000000019c                __LMM_RDLONGI
                0x00000000000001d0                __LMM_RDBYTEI_ret
                0x00000000000001d0                __LMM_RDLONGI_ret
                0x00000000000001d0                __LMM_RDWORDI_ret
                0x00000000000001d4                __LMM_WRBYTEI
                0x00000000000001dc                __LMM_WRWORDI
                0x00000000000001e4                __LMM_WRLONGI
                0x0000000000000218                __LMM_WRWORDI_ret
                0x0000000000000218                __LMM_WRBYTEI_ret
                0x0000000000000218                __LMM_WRLONGI_ret
                0x000000000000021c                __LMM_PUSHM
                0x000000000000023c                __LMM_PUSHM_ret
                0x0000000000000244                __LMM_POPRET
                0x000000000000024c                __LMM_POPRET_ret
                0x0000000000000250                __LMM_POPM
                0x0000000000000270                __LMM_POPM_ret
                0x0000000000000274                __MASK_0000FFFF
                0x0000000000000278                __MASK_FFFFFFFF
                0x000000000000027c                __TMP0
                0x0000000000000280                __TMP1
                0x0000000000000294                __CLZSI
                0x0000000000000298                __CTZSI
                0x00000000000002d0                __CLZSI_ret
                0x00000000000002dc                __UDIVSI
                0x0000000000000320                __UDIVSI_ret
                0x0000000000000328                __DIVSI
                0x0000000000000350                __DIVSI_ret
                0x0000000000000360                __MULSI
                0x0000000000000380                __MULSI_ret
                0x0000000000000430                __LMM_RET
                0x0000000000000434                __LMM_FCACHE_LOAD
                0x0000000000000474                __CMPSWAPSI
                0x00000000000004c0                __CMPSWAPSI_ret
                0x00000000000004c4                __LMM_FCACHE_START
 *(.kernel)
 .kernel        0x00000000000006c4        0x4 /opt/parallax/lib/gcc/propeller-elf/4.6.1/../../../../propeller-elf/lib/xmmc/libc.a(thread.o)
                0x00000000000006c4                __TLS

.header         0x0000000030000000        0xc
                0x0000000030000000        0x4 LONG 0x3000000c entry
                0x0000000030000004        0x4 LONG 0x0
                0x0000000030000008        0x4 LONG 0x0

.init           0x000000003000000c       0xb8
 *(.init*)
 .init          0x000000003000000c       0xa0 /opt/parallax/lib/gcc/propeller-elf/4.6.1/xmmc/_crtbegin.o
                0x000000003000000c                entry
                0x000000003000000c                start
                0x0000000030000054                ___init
 .init          0x00000000300000ac       0x18 /opt/parallax/lib/gcc/propeller-elf/4.6.1/xmmc/_crtend.o

.text           0x00000000300000c4     0x5198
 *(.text*)
 .text          0x00000000300000c4        0x0 /opt/parallax/lib/gcc/propeller-elf/4.6.1/xmmc/hubstart_xmm.o
 .text          0x00000000300000c4        0x0 /opt/parallax/lib/gcc/propeller-elf/4.6.1/xmmc/_crt0.o
 .text          0x00000000300000c4        0x0 /opt/parallax/lib/gcc/propeller-elf/4.6.1/xmmc/_crtbegin.o
 .text          0x00000000300000c4      0x1d8 Pcon.o
                0x00000000300000c4                _disp_sys
                0x00000000300001cc                _main
 .text          0x000000003000029c      0x184 /opt/parallax/lib/gcc/propeller-elf/4.6.1/../../../../propeller-elf/lib/xmmc/libc.a(fgetc.o)
                0x000000003000029c                __filbuf
                0x00000000300003d4                _fgetc
 .text          0x0000000030000420      0x100 /opt/parallax/lib/gcc/propeller-elf/4.6.1/../../../../propeller-elf/lib/xmmc/libc.a(fputc.o)
                0x0000000030000420                _fputc
 .text          0x0000000030000520      0x128 /opt/parallax/lib/gcc/propeller-elf/4.6.1/../../../../propeller-elf/lib/xmmc/libc.a(setvbuf.o)
                0x0000000030000520                _setvbuf
 .text          0x0000000030000648      0x2f0 /opt/parallax/lib/gcc/propeller-elf/4.6.1/../../../../propeller-elf/lib/xmmc/libc.a(fopen_intern.o)
                0x0000000030000648                ___fopen_driver
                0x0000000030000818                _fclose
 .text          0x0000000030000938      0x394 /opt/parallax/lib/gcc/propeller-elf/4.6.1/../../../../propeller-elf/lib/xmmc/libc.a(simple_printf.o)
                0x000000003000098c                ___simple_printf
 .text          0x0000000030000ccc       0xc8 /opt/parallax/lib/gcc/propeller-elf/4.6.1/../../../../propeller-elf/lib/xmmc/libc.a(init_io.o)
                0x0000000030000ccc                __InitIO
 .text          0x0000000030000d94      0x314 /opt/parallax/lib/gcc/propeller-elf/4.6.1/../../../../propeller-elf/lib/xmmc/libc.a(malloc.o)
                0x0000000030000f1c                __common_malloc
                0x0000000030001020                _hubmalloc
                0x0000000030001048                _malloc
                0x0000000030001070                _free
                0x000000003000108c                _hubfree
 .text          0x00000000300010a8        0x0 /opt/parallax/lib/gcc/propeller-elf/4.6.1/../../../../propeller-elf/lib/xmmc/libc.a(ctype.o)
 .text          0x00000000300010a8       0x1c /opt/parallax/lib/gcc/propeller-elf/4.6.1/../../../../propeller-elf/lib/xmmc/libc.a(sbrk.o)
                0x00000000300010a8                _sbrk
                0x00000000300010a8                __hubsbrk
                0x00000000300010a8                __sbrk
 .text          0x00000000300010c4        0x4 /opt/parallax/lib/gcc/propeller-elf/4.6.1/../../../../propeller-elf/lib/xmmc/libc.a(thread.o)
 .text          0x00000000300010c8       0x9c /opt/parallax/lib/gcc/propeller-elf/4.6.1/../../../../propeller-elf/lib/xmmc/libc.a(memset.o)
                0x00000000300010c8                _memset
 .text          0x0000000030001164       0x44 /opt/parallax/lib/gcc/propeller-elf/4.6.1/../../../../propeller-elf/lib/xmmc/libc.a(sleep.o)
                0x0000000030001164                _sleep
 .text          0x00000000300011a8      0x534 /opt/parallax/lib/gcc/propeller-elf/4.6.1/../../../../propeller-elf/lib/xmmc/libc.a(FdSerial.o)
                0x00000000300011a8                __FdSerial_start
                0x0000000030001450                __FdSerial_stop
                0x0000000030001474                __FdSerial_rxcheck
                0x00000000300014b8                __FdSerial_getbyte
                0x0000000030001534                __FdSerial_putbyte
                0x00000000300015c8                __FdSerial_rxflush
                0x00000000300015f0                __FdSerial_drain
 .text          0x00000000300016dc      0x1ac /opt/parallax/lib/gcc/propeller-elf/4.6.1/../../../../propeller-elf/lib/xmmc/libc.a(FullDuplexSerial.cog)
                0x00000000300016dc                _binary_FullDuplexSerial_dat_start
                0x0000000030001888                _binary_FullDuplexSerial_dat_end
 .text          0x0000000030001888       0xf0 /opt/parallax/lib/gcc/propeller-elf/4.6.1/../../../../propeller-elf/lib/xmmc/libc.a(drivers.o)
                0x0000000030001888                _get_cog_driver_xmm
                0x00000000300018c4                _load_cog_driver_xmm
                0x000000003000193c                _kernel_use_lock
 .text          0x0000000030001978        0x0 /opt/parallax/lib/gcc/propeller-elf/4.6.1/../../../../propeller-elf/lib/xmmc/libc.a(terminal.o)
 .text          0x0000000030001978      0x828 /opt/parallax/lib/gcc/propeller-elf/4.6.1/../../../../propeller-elf/lib/xmmc/libc.a(FileDriver.o)
                0x0000000030001a20                _dfs_stdio_errno
                0x0000000030001b50                _mount_complete
                0x0000000030001c68                _dfs_mount_defaults
                0x0000000030001cc0                _dfs_resolve_path
 .text          0x00000000300021a0     0x21dc /opt/parallax/lib/gcc/propeller-elf/4.6.1/../../../../propeller-elf/lib/xmmc/libc.a(dosfs.o)
                0x00000000300021a0                _dfs_setDefaultFileDateTime
                0x0000000030002224                _DFS_SetDirEntDateTime
                0x00000000300022b8                _DFS_SetStartCluster
                0x0000000030002304                _DFS_GetVolInfo
                0x00000000300025cc                _DFS_GetFAT
                0x0000000030002748                _DFS_SetFAT
                0x00000000300028fc                _DFS_CanonicalToDir
                0x00000000300029ac                _DFS_GetFreeFAT
                0x0000000030002a20                _DFS_GetNext
                0x0000000030002c80                _DFS_OpenDir
                0x0000000030002fc4                _DFS_GetFreeDirEnt
                0x00000000300031cc                _DFS_OpenFile
                0x00000000300037a4                _DFS_ReadFile
                0x0000000030003ad4                _DFS_Seek
                0x0000000030003ca8                _DFS_UnlinkFile
                0x0000000030003e10                _DFS_WriteFile
 .text          0x000000003000437c      0x298 /opt/parallax/lib/gcc/propeller-elf/4.6.1/../../../../propeller-elf/lib/xmmc/libc.a(file_io.o)
                0x000000003000437c                _dfs_use_lock
                0x00000000300043c4                _DFS_InitFileIO
                0x0000000030004464                _DFS_ReadSector
                0x0000000030004550                _DFS_WriteSector
 .text          0x0000000030004614       0xc0 /opt/parallax/lib/gcc/propeller-elf/4.6.1/../../../../propeller-elf/lib/xmmc/libc.a(load_sd_driver.o)
                0x0000000030004614                _LoadSDDriver
 .text          0x00000000300046d4      0x52c /opt/parallax/lib/gcc/propeller-elf/4.6.1/../../../../propeller-elf/lib/xmmc/libc.a(sd_driver.cog)
                0x00000000300046d4                _binary_sd_driver_dat_start
                0x0000000030004c00                _binary_sd_driver_dat_end
 .text          0x0000000030004c00      0x1ac /opt/parallax/lib/gcc/propeller-elf/4.6.1/../../../../propeller-elf/lib/xmmc/libc.a(fflush.o)
                0x0000000030004d54                _fflush
 .text          0x0000000030004dac       0xa4 /opt/parallax/lib/gcc/propeller-elf/4.6.1/../../../../propeller-elf/lib/xmmc/libc.a(atoi.o)
                0x0000000030004dac                _atoi
                0x0000000030004dac                _atol
 .text          0x0000000030004e50       0x18 /opt/parallax/lib/gcc/propeller-elf/4.6.1/../../../../propeller-elf/lib/xmmc/libc.a(div.o)
                0x0000000030004e50                _ldiv
                0x0000000030004e50                _div
 .text          0x0000000030004e68       0x5c /opt/parallax/lib/gcc/propeller-elf/4.6.1/../../../../propeller-elf/lib/xmmc/libc.a(nap.o)
                0x0000000030004e68                ___napuntil
 .text          0x0000000030004ec4       0xb8 /opt/parallax/lib/gcc/propeller-elf/4.6.1/../../../../propeller-elf/lib/xmmc/libc.a(memcpy.o)
                0x0000000030004ec4                _memcpy
 .text          0x0000000030004f7c       0x50 /opt/parallax/lib/gcc/propeller-elf/4.6.1/../../../../propeller-elf/lib/xmmc/libc.a(memcmp.o)
                0x0000000030004f7c                _memcmp
 .text          0x0000000030004fcc       0x4c /opt/parallax/lib/gcc/propeller-elf/4.6.1/../../../../propeller-elf/lib/xmmc/libc.a(strcat.o)
                0x0000000030004fcc                _strcat
 .text          0x0000000030005018       0x6c /opt/parallax/lib/gcc/propeller-elf/4.6.1/../../../../propeller-elf/lib/xmmc/libc.a(strcmp.o)
                0x0000000030005018                _strcmp
 .text          0x0000000030005084       0x2c /opt/parallax/lib/gcc/propeller-elf/4.6.1/../../../../propeller-elf/lib/xmmc/libc.a(strcpy.o)
                0x0000000030005084                _strcpy
 .text          0x00000000300050b0       0x2c /opt/parallax/lib/gcc/propeller-elf/4.6.1/../../../../propeller-elf/lib/xmmc/libc.a(strlen.o)
                0x00000000300050b0                _strlen
 .text          0x00000000300050dc       0x88 /opt/parallax/lib/gcc/propeller-elf/4.6.1/../../../../propeller-elf/lib/xmmc/libc.a(strncmp.o)
                0x00000000300050dc                _strncmp
 .text          0x0000000030005164       0x58 /opt/parallax/lib/gcc/propeller-elf/4.6.1/../../../../propeller-elf/lib/xmmc/libc.a(strncpy.o)
                0x0000000030005164                _strncpy
 .text          0x00000000300051bc       0xa0 /opt/parallax/lib/gcc/propeller-elf/4.6.1/../../../../propeller-elf/lib/xmmc/libc.a(xmmcopy.o)
                0x00000000300051bc                __copy_from_xmm
 .text          0x000000003000525c        0x0 /opt/parallax/lib/gcc/propeller-elf/4.6.1/../../../../propeller-elf/lib/xmmc/libc.a(serialparam.o)
 .text          0x000000003000525c        0x0 /opt/parallax/lib/gcc/propeller-elf/4.6.1/xmmc/_crtend.o
                0x000000003000525c                _etext = .

.fini           0x000000003000525c       0x3c
 *(.fini*)
 .fini          0x000000003000525c       0x28 /opt/parallax/lib/gcc/propeller-elf/4.6.1/xmmc/_crtbegin.o
                0x000000003000525c                _exit
 .fini          0x0000000030005284       0x14 /opt/parallax/lib/gcc/propeller-elf/4.6.1/xmmc/_crtend.o
                0x0000000030005288                __exit
                0x0000000030005288                __Exit
                0x0000000030005294                __ExitHook

.hub            0x0000000000000000      0xee8 load address 0x0000000030005298
 *(.hubstart)
 .hubstart      0x0000000000000000       0x20 /opt/parallax/lib/gcc/propeller-elf/4.6.1/xmmc/hubstart_xmm.o
                0x0000000000000000                __clkfreq
                0x0000000000000004                __clkmode
                0x0000000000000006                __xmm_mbox_p
 *(.hubtext*)
 .hubtext       0x0000000000000020      0x23c /opt/parallax/lib/gcc/propeller-elf/4.6.1/../../../../propeller-elf/lib/xmmc/libc.a(terminal.o)
                0x0000000000000020                __term_write
                0x00000000000000ac                __term_read
 .hubtext       0x000000000000025c       0x34 /opt/parallax/lib/gcc/propeller-elf/4.6.1/../../../../propeller-elf/lib/xmmc/libc.a(file_io.o)
 *(.hubdata*)
 *(.hub)
 .hub           0x0000000000000290      0x7c0 /opt/parallax/lib/gcc/propeller-elf/4.6.1/../../../../propeller-elf/lib/xmmc/libc.a(drivers.o)
                0x0000000000000290                __hub_buffer
 .hub           0x0000000000000a50      0x200 /opt/parallax/lib/gcc/propeller-elf/4.6.1/../../../../propeller-elf/lib/xmmc/libc.a(FileDriver.o)
                0x0000000000000a50                _dfs_scratch
 .hub           0x0000000000000c50        0x8 /opt/parallax/lib/gcc/propeller-elf/4.6.1/../../../../propeller-elf/lib/xmmc/libc.a(file_io.o)
 .hub           0x0000000000000c58        0x8 /opt/parallax/lib/gcc/propeller-elf/4.6.1/../../../../propeller-elf/lib/xmmc/libc.a(load_sd_driver.o)
 *(.data)
 .data          0x0000000000000c60        0x0 /opt/parallax/lib/gcc/propeller-elf/4.6.1/xmmc/hubstart_xmm.o
 .data          0x0000000000000c60        0x0 /opt/parallax/lib/gcc/propeller-elf/4.6.1/xmmc/_crt0.o
 .data          0x0000000000000c60        0x0 /opt/parallax/lib/gcc/propeller-elf/4.6.1/xmmc/_crtbegin.o
 .data          0x0000000000000c60      0x138 Pcon.o
                0x0000000000000d8c                __driverlist
 .data          0x0000000000000d98        0x0 /opt/parallax/lib/gcc/propeller-elf/4.6.1/../../../../propeller-elf/lib/xmmc/libc.a(fgetc.o)
 .data          0x0000000000000d98        0x0 /opt/parallax/lib/gcc/propeller-elf/4.6.1/../../../../propeller-elf/lib/xmmc/libc.a(fputc.o)
 .data          0x0000000000000d98        0x0 /opt/parallax/lib/gcc/propeller-elf/4.6.1/../../../../propeller-elf/lib/xmmc/libc.a(setvbuf.o)
 .data          0x0000000000000d98        0x4 /opt/parallax/lib/gcc/propeller-elf/4.6.1/../../../../propeller-elf/lib/xmmc/libc.a(fopen_intern.o)
                0x0000000000000d98                ___dummy
 .data          0x0000000000000d9c       0x14 /opt/parallax/lib/gcc/propeller-elf/4.6.1/../../../../propeller-elf/lib/xmmc/libc.a(simple_printf.o)
 .data          0x0000000000000db0        0xc /opt/parallax/lib/gcc/propeller-elf/4.6.1/../../../../propeller-elf/lib/xmmc/libc.a(init_io.o)
 .data          0x0000000000000dbc        0x8 /opt/parallax/lib/gcc/propeller-elf/4.6.1/../../../../propeller-elf/lib/xmmc/libc.a(malloc.o)
                0x0000000000000dbc                __malloc_heap
 .data          0x0000000000000dc4       0x84 /opt/parallax/lib/gcc/propeller-elf/4.6.1/../../../../propeller-elf/lib/xmmc/libc.a(ctype.o)
                0x0000000000000dc4                ___ctype
 .data          0x0000000000000e48        0x4 /opt/parallax/lib/gcc/propeller-elf/4.6.1/../../../../propeller-elf/lib/xmmc/libc.a(sbrk.o)
                0x0000000000000e48                __heap_base
 .data          0x0000000000000e4c        0x4 /opt/parallax/lib/gcc/propeller-elf/4.6.1/../../../../propeller-elf/lib/xmmc/libc.a(thread.o)
                0x0000000000000e4c                ___yield_ptr
 .data          0x0000000000000e50        0x0 /opt/parallax/lib/gcc/propeller-elf/4.6.1/../../../../propeller-elf/lib/xmmc/libc.a(memset.o)
 .data          0x0000000000000e50        0x0 /opt/parallax/lib/gcc/propeller-elf/4.6.1/../../../../propeller-elf/lib/xmmc/libc.a(sleep.o)
 .data          0x0000000000000e50       0x2c /opt/parallax/lib/gcc/propeller-elf/4.6.1/../../../../propeller-elf/lib/xmmc/libc.a(FdSerial.o)
                0x0000000000000e50                __FullDuplexSerialDriver
                0x0000000000000e74                __FullSerialName
 .data          0x0000000000000e7c        0x0 /opt/parallax/lib/gcc/propeller-elf/4.6.1/../../../../propeller-elf/lib/xmmc/libc.a(drivers.o)
 .data          0x0000000000000e7c        0x0 /opt/parallax/lib/gcc/propeller-elf/4.6.1/../../../../propeller-elf/lib/xmmc/libc.a(terminal.o)
 .data          0x0000000000000e7c       0x54 /opt/parallax/lib/gcc/propeller-elf/4.6.1/../../../../propeller-elf/lib/xmmc/libc.a(FileDriver.o)
                0x0000000000000ea0                __cfg_sdspi_config2
                0x0000000000000ea4                __cfg_sdspi_config1
                0x0000000000000ea8                __FileDriver
 .data          0x0000000000000ed0        0x8 /opt/parallax/lib/gcc/propeller-elf/4.6.1/../../../../propeller-elf/lib/xmmc/libc.a(dosfs.o)
                0x0000000000000ed0                _DefaultFileDate
                0x0000000000000ed4                _DefaultFileTime
 .data          0x0000000000000ed8        0x0 /opt/parallax/lib/gcc/propeller-elf/4.6.1/../../../../propeller-elf/lib/xmmc/libc.a(file_io.o)
 .data          0x0000000000000ed8        0x0 /opt/parallax/lib/gcc/propeller-elf/4.6.1/../../../../propeller-elf/lib/xmmc/libc.a(load_sd_driver.o)
 .data          0x0000000000000ed8        0x0 /opt/parallax/lib/gcc/propeller-elf/4.6.1/../../../../propeller-elf/lib/xmmc/libc.a(fflush.o)
 .data          0x0000000000000ed8        0x0 /opt/parallax/lib/gcc/propeller-elf/4.6.1/../../../../propeller-elf/lib/xmmc/libc.a(atoi.o)
 .data          0x0000000000000ed8        0x0 /opt/parallax/lib/gcc/propeller-elf/4.6.1/../../../../propeller-elf/lib/xmmc/libc.a(div.o)
 .data          0x0000000000000ed8        0x0 /opt/parallax/lib/gcc/propeller-elf/4.6.1/../../../../propeller-elf/lib/xmmc/libc.a(nap.o)
 .data          0x0000000000000ed8        0x0 /opt/parallax/lib/gcc/propeller-elf/4.6.1/../../../../propeller-elf/lib/xmmc/libc.a(memcpy.o)
 .data          0x0000000000000ed8        0x0 /opt/parallax/lib/gcc/propeller-elf/4.6.1/../../../../propeller-elf/lib/xmmc/libc.a(memcmp.o)
 .data          0x0000000000000ed8        0x0 /opt/parallax/lib/gcc/propeller-elf/4.6.1/../../../../propeller-elf/lib/xmmc/libc.a(strcat.o)
 .data          0x0000000000000ed8        0x0 /opt/parallax/lib/gcc/propeller-elf/4.6.1/../../../../propeller-elf/lib/xmmc/libc.a(strcmp.o)
 .data          0x0000000000000ed8        0x0 /opt/parallax/lib/gcc/propeller-elf/4.6.1/../../../../propeller-elf/lib/xmmc/libc.a(strcpy.o)
 .data          0x0000000000000ed8        0x0 /opt/parallax/lib/gcc/propeller-elf/4.6.1/../../../../propeller-elf/lib/xmmc/libc.a(strlen.o)
 .data          0x0000000000000ed8        0x0 /opt/parallax/lib/gcc/propeller-elf/4.6.1/../../../../propeller-elf/lib/xmmc/libc.a(strncmp.o)
 .data          0x0000000000000ed8        0x0 /opt/parallax/lib/gcc/propeller-elf/4.6.1/../../../../propeller-elf/lib/xmmc/libc.a(strncpy.o)
 .data          0x0000000000000ed8        0x0 /opt/parallax/lib/gcc/propeller-elf/4.6.1/../../../../propeller-elf/lib/xmmc/libc.a(xmmcopy.o)
 .data          0x0000000000000ed8        0xc /opt/parallax/lib/gcc/propeller-elf/4.6.1/../../../../propeller-elf/lib/xmmc/libc.a(serialparam.o)
                0x0000000000000ed8                __baud
                0x0000000000000edc                __txpin
                0x0000000000000ee0                __rxpin
 .data          0x0000000000000ee4        0x0 /opt/parallax/lib/gcc/propeller-elf/4.6.1/xmmc/_crtend.o
 *(.data*)
 *(.rodata)
 *(.rodata*)
 *(.gnu.linkonce.d*)
                0x0000000000000ee4                PROVIDE (__C_LOCK, .)
                0x0000000000000ee4        0x4 LONG 0x0

.ctors          0x0000000000000ee8        0x8 load address 0x0000000030006180
 *(.ctors*)
 .ctors         0x0000000000000ee8        0x4 /opt/parallax/lib/gcc/propeller-elf/4.6.1/../../../../propeller-elf/lib/xmmc/libc.a(init_io.o)
 .ctors         0x0000000000000eec        0x4 /opt/parallax/lib/gcc/propeller-elf/4.6.1/xmmc/_crtend.o
                0x0000000000000eec                __environ
                0x0000000000000eec                __argv

.dtors          0x0000000000000ef0        0x8 load address 0x0000000030006188
 *(.dtors*)
 .dtors         0x0000000000000ef0        0x4 /opt/parallax/lib/gcc/propeller-elf/4.6.1/../../../../propeller-elf/lib/xmmc/libc.a(fopen_intern.o)
 .dtors         0x0000000000000ef4        0x4 /opt/parallax/lib/gcc/propeller-elf/4.6.1/xmmc/_crtend.o

.data           0x0000000000000ef8        0x0 load address 0x0000000030006190
                0x0000000000000ef8                . = ALIGN (0x4)

.bss            0x0000000000000ef8      0x320 load address 0x0000000030006190
                0x0000000000000ef8                PROVIDE (__bss_start, .)
 *(.bss)
 .bss           0x0000000000000ef8        0x0 /opt/parallax/lib/gcc/propeller-elf/4.6.1/xmmc/hubstart_xmm.o
 .bss           0x0000000000000ef8        0x0 /opt/parallax/lib/gcc/propeller-elf/4.6.1/xmmc/_crt0.o
 .bss           0x0000000000000ef8        0x0 /opt/parallax/lib/gcc/propeller-elf/4.6.1/xmmc/_crtbegin.o
 .bss           0x0000000000000ef8        0x0 Pcon.o
 .bss           0x0000000000000ef8        0x0 /opt/parallax/lib/gcc/propeller-elf/4.6.1/../../../../propeller-elf/lib/xmmc/libc.a(fgetc.o)
 .bss           0x0000000000000ef8        0x0 /opt/parallax/lib/gcc/propeller-elf/4.6.1/../../../../propeller-elf/lib/xmmc/libc.a(fputc.o)
 .bss           0x0000000000000ef8        0x0 /opt/parallax/lib/gcc/propeller-elf/4.6.1/../../../../propeller-elf/lib/xmmc/libc.a(setvbuf.o)
 .bss           0x0000000000000ef8        0x0 /opt/parallax/lib/gcc/propeller-elf/4.6.1/../../../../propeller-elf/lib/xmmc/libc.a(fopen_intern.o)
 .bss           0x0000000000000ef8        0x0 /opt/parallax/lib/gcc/propeller-elf/4.6.1/../../../../propeller-elf/lib/xmmc/libc.a(simple_printf.o)
 .bss           0x0000000000000ef8       0x50 /opt/parallax/lib/gcc/propeller-elf/4.6.1/../../../../propeller-elf/lib/xmmc/libc.a(init_io.o)
 .bss           0x0000000000000f48        0x4 /opt/parallax/lib/gcc/propeller-elf/4.6.1/../../../../propeller-elf/lib/xmmc/libc.a(malloc.o)
 .bss           0x0000000000000f4c        0x0 /opt/parallax/lib/gcc/propeller-elf/4.6.1/../../../../propeller-elf/lib/xmmc/libc.a(ctype.o)
 .bss           0x0000000000000f4c        0x0 /opt/parallax/lib/gcc/propeller-elf/4.6.1/../../../../propeller-elf/lib/xmmc/libc.a(sbrk.o)
 .bss           0x0000000000000f4c       0xa8 /opt/parallax/lib/gcc/propeller-elf/4.6.1/../../../../propeller-elf/lib/xmmc/libc.a(thread.o)
                0x0000000000000f4c                ___napuntil_ptr
 .bss           0x0000000000000ff4        0x0 /opt/parallax/lib/gcc/propeller-elf/4.6.1/../../../../propeller-elf/lib/xmmc/libc.a(memset.o)
 .bss           0x0000000000000ff4        0x0 /opt/parallax/lib/gcc/propeller-elf/4.6.1/../../../../propeller-elf/lib/xmmc/libc.a(sleep.o)
 .bss           0x0000000000000ff4        0x4 /opt/parallax/lib/gcc/propeller-elf/4.6.1/../../../../propeller-elf/lib/xmmc/libc.a(FdSerial.o)
 .bss           0x0000000000000ff8        0x0 /opt/parallax/lib/gcc/propeller-elf/4.6.1/../../../../propeller-elf/lib/xmmc/libc.a(drivers.o)
 .bss           0x0000000000000ff8        0x0 /opt/parallax/lib/gcc/propeller-elf/4.6.1/../../../../propeller-elf/lib/xmmc/libc.a(terminal.o)
 .bss           0x0000000000000ff8        0x4 /opt/parallax/lib/gcc/propeller-elf/4.6.1/../../../../propeller-elf/lib/xmmc/libc.a(FileDriver.o)
                0x0000000000000ff8                _dfs_mountflag
 .bss           0x0000000000000ffc        0x0 /opt/parallax/lib/gcc/propeller-elf/4.6.1/../../../../propeller-elf/lib/xmmc/libc.a(dosfs.o)
 .bss           0x0000000000000ffc        0x4 /opt/parallax/lib/gcc/propeller-elf/4.6.1/../../../../propeller-elf/lib/xmmc/libc.a(file_io.o)
                0x0000000000000ffc                __sd_mbox_p
 .bss           0x0000000000001000        0x0 /opt/parallax/lib/gcc/propeller-elf/4.6.1/../../../../propeller-elf/lib/xmmc/libc.a(load_sd_driver.o)
 .bss           0x0000000000001000        0x0 /opt/parallax/lib/gcc/propeller-elf/4.6.1/../../../../propeller-elf/lib/xmmc/libc.a(fflush.o)
 .bss           0x0000000000001000        0x0 /opt/parallax/lib/gcc/propeller-elf/4.6.1/../../../../propeller-elf/lib/xmmc/libc.a(atoi.o)
 .bss           0x0000000000001000        0x0 /opt/parallax/lib/gcc/propeller-elf/4.6.1/../../../../propeller-elf/lib/xmmc/libc.a(div.o)
 .bss           0x0000000000001000        0x0 /opt/parallax/lib/gcc/propeller-elf/4.6.1/../../../../propeller-elf/lib/xmmc/libc.a(nap.o)
 .bss           0x0000000000001000        0x0 /opt/parallax/lib/gcc/propeller-elf/4.6.1/../../../../propeller-elf/lib/xmmc/libc.a(memcpy.o)
 .bss           0x0000000000001000        0x0 /opt/parallax/lib/gcc/propeller-elf/4.6.1/../../../../propeller-elf/lib/xmmc/libc.a(memcmp.o)
 .bss           0x0000000000001000        0x0 /opt/parallax/lib/gcc/propeller-elf/4.6.1/../../../../propeller-elf/lib/xmmc/libc.a(strcat.o)
 .bss           0x0000000000001000        0x0 /opt/parallax/lib/gcc/propeller-elf/4.6.1/../../../../propeller-elf/lib/xmmc/libc.a(strcmp.o)
 .bss           0x0000000000001000        0x0 /opt/parallax/lib/gcc/propeller-elf/4.6.1/../../../../propeller-elf/lib/xmmc/libc.a(strcpy.o)
 .bss           0x0000000000001000        0x0 /opt/parallax/lib/gcc/propeller-elf/4.6.1/../../../../propeller-elf/lib/xmmc/libc.a(strlen.o)
 .bss           0x0000000000001000        0x0 /opt/parallax/lib/gcc/propeller-elf/4.6.1/../../../../propeller-elf/lib/xmmc/libc.a(strncmp.o)
 .bss           0x0000000000001000        0x0 /opt/parallax/lib/gcc/propeller-elf/4.6.1/../../../../propeller-elf/lib/xmmc/libc.a(strncpy.o)
 .bss           0x0000000000001000        0x0 /opt/parallax/lib/gcc/propeller-elf/4.6.1/../../../../propeller-elf/lib/xmmc/libc.a(xmmcopy.o)
 .bss           0x0000000000001000        0x0 /opt/parallax/lib/gcc/propeller-elf/4.6.1/../../../../propeller-elf/lib/xmmc/libc.a(serialparam.o)
 .bss           0x0000000000001000        0x0 /opt/parallax/lib/gcc/propeller-elf/4.6.1/xmmc/_crtend.o
 *(.bss*)
 *(COMMON)
 COMMON         0x0000000000001000      0x1a4 /opt/parallax/lib/gcc/propeller-elf/4.6.1/../../../../propeller-elf/lib/xmmc/libc.a(fopen_intern.o)
                0x0000000000001000                ___stdio_lock
                0x0000000000001004                ___files
 COMMON         0x00000000000011a4       0x74 /opt/parallax/lib/gcc/propeller-elf/4.6.1/../../../../propeller-elf/lib/xmmc/libc.a(FileDriver.o)
                0x00000000000011a4                _dfs_volinfo
                0x00000000000011d8                _dfs_currdir
                0x0000000000001218                PROVIDE (__bss_end, .)

.hub_heap       0x0000000000001218        0x4
                0x000000000000121c                . = (. + 0x4)
 *fill*         0x0000000000001218        0x4 00
                0x0000000000001218                ___hub_heap_start = ADDR (.hub_heap)

.drivers
 *(.drivers)
                0x00000000e0000000                __load_start_kernel = LOADADDR (.xmmkernel)
                0x0000000000000ee8                ___CTOR_LIST__ = ADDR (.ctors)
                0x0000000000000ef0                ___DTOR_LIST__ = ADDR (.dtors)

.hash
 *(.hash)

.dynsym
 *(.dynsym)

.dynstr
 *(.dynstr)

.gnu.version
 *(.gnu.version)

.gnu.version_d
 *(.gnu.version_d)

.gnu.version_r
 *(.gnu.version_r)

.rel.init
 *(.rel.init)

.rela.init
 *(.rela.init)

.rel.text
 *(.rel.text)
 *(.rel.text.*)
 *(.rel.gnu.linkonce.t*)

.rela.text
 *(.rela.text)
 *(.rela.text.*)
 *(.rela.gnu.linkonce.t*)

.rel.fini
 *(.rel.fini)

.rela.fini
 *(.rela.fini)

.rel.rodata
 *(.rel.rodata)
 *(.rel.rodata.*)
 *(.rel.gnu.linkonce.r*)

.rela.rodata
 *(.rela.rodata)
 *(.rela.rodata.*)
 *(.rela.gnu.linkonce.r*)

.rel.data
 *(.rel.data)
 *(.rel.data.*)
 *(.rel.gnu.linkonce.d*)

.rela.data
 *(.rela.data)
 *(.rela.data.*)
 *(.rela.gnu.linkonce.d*)

.rel.ctors
 *(.rel.ctors)

.rela.ctors
 *(.rela.ctors)

.rel.dtors
 *(.rel.dtors)

.rela.dtors
 *(.rela.dtors)

.rel.got
 *(.rel.got)

.rela.got
 *(.rela.got)

.rel.bss
 *(.rel.bss)

.rela.bss
 *(.rela.bss)

.rel.plt
 *(.rel.plt)

.rela.plt
 *(.rela.plt)

.stab
 *(.stab)

.stabstr
 *(.stabstr)

.stab.excl
 *(.stab.excl)

.stab.exclstr
 *(.stab.exclstr)

.stab.index
 *(.stab.index)

.stab.indexstr
 *(.stab.indexstr)

.comment
 *(.comment)

.debug
 *(.debug)

.line
 *(.line)

.debug_srcinfo
 *(.debug_srcinfo .zdebug_srcinfo)

.debug_sfnames
 *(.debug_sfnames .zdebug_sfnames)

.debug_aranges
 *(.debug_aranges .zdebug_aranges)

.debug_pubnames
 *(.debug_pubnames .zdebug_pubnames)

.debug_info
 *(.debug_info .gnu.linkonce.wi.* .zdebug_info)

.debug_abbrev
 *(.debug_abbrev .zdebug_abbrev)

.debug_line
 *(.debug_line .zdebug_line)

.debug_frame
 *(.debug_frame .zdebug_frame)

.debug_str
 *(.debug_str .zdebug_str)

.debug_loc
 *(.debug_loc .zdebug_loc)

.debug_macinfo
 *(.debug_macinfo .zdebug_macinfo)
                0x00000000000007c0                PROVIDE (par, PAR)
                0x00000000000007c4                PROVIDE (cnt, CNT)
                0x00000000000007c8                PROVIDE (ina, INA)
                0x00000000000007cc                PROVIDE (inb, INB)
                0x00000000000007d0                PROVIDE (outa, OUTA)
                0x00000000000007d4                PROVIDE (outb, OUTB)
                0x00000000000007d8                PROVIDE (dira, DIRA)
                0x00000000000007dc                PROVIDE (dirb, DIRB)
                0x00000000000007e0                PROVIDE (ctra, CTRA)
                0x00000000000007e4                PROVIDE (ctrb, CTRB)
                0x00000000000007e8                PROVIDE (frqa, FRQA)
                0x00000000000007ec                PROVIDE (frqb, FRQB)
                0x00000000000007f0                PROVIDE (phsa, PHSA)
                0x00000000000007f4                PROVIDE (phsb, PHSB)
                0x00000000000007f8                PROVIDE (vcfg, VCFG)
                0x00000000000007fc                PROVIDE (vscl, VSCL)
                0x0000000000001228                PROVIDE (__hub_end, (ADDR (.hub_heap) + 0x10))
                0x0000000000008000                PROVIDE (__stack_end, 0x8000)
OUTPUT(Pcon.elf elf32-propeller)
