Archive member included because of file (symbol)

/opt/parallax/lib/gcc/propeller-elf/4.6.1/../../../../propeller-elf/lib/xmmc/libc.a(fgetc.o)
                              Pcon.o (_fgetc)
/opt/parallax/lib/gcc/propeller-elf/4.6.1/../../../../propeller-elf/lib/xmmc/libc.a(fputc.o)
                              Pcon.o (_fputc)
/opt/parallax/lib/gcc/propeller-elf/4.6.1/../../../../propeller-elf/lib/xmmc/libc.a(setvbuf.o)
                              Pcon.o (_setvbuf)
/opt/parallax/lib/gcc/propeller-elf/4.6.1/../../../../propeller-elf/lib/xmmc/libc.a(fopen_intern.o)
                              Pcon.o (___files)
/opt/parallax/lib/gcc/propeller-elf/4.6.1/../../../../propeller-elf/lib/xmmc/libc.a(sscanf.o)
                              cmd_fsm.o (_sscanf)
/opt/parallax/lib/gcc/propeller-elf/4.6.1/../../../../propeller-elf/lib/xmmc/libc.a(simple_printf.o)
                              Pcon.o (___simple_printf)
/opt/parallax/lib/gcc/propeller-elf/4.6.1/../../../../propeller-elf/lib/xmmc/libc.a(init_io.o)
                              /opt/parallax/lib/gcc/propeller-elf/4.6.1/../../../../propeller-elf/lib/xmmc/libc.a(fopen_intern.o) (__InitIO)
/opt/parallax/lib/gcc/propeller-elf/4.6.1/../../../../propeller-elf/lib/xmmc/libc.a(malloc.o)
                              char_fsm.o (_malloc)
/opt/parallax/lib/gcc/propeller-elf/4.6.1/../../../../propeller-elf/lib/xmmc/libc.a(ctype.o)
                              /opt/parallax/lib/gcc/propeller-elf/4.6.1/../../../../propeller-elf/lib/xmmc/libc.a(simple_printf.o) (___ctype)
/opt/parallax/lib/gcc/propeller-elf/4.6.1/../../../../propeller-elf/lib/xmmc/libc.a(sbrk.o)
                              /opt/parallax/lib/gcc/propeller-elf/4.6.1/../../../../propeller-elf/lib/xmmc/libc.a(malloc.o) (__sbrk)
/opt/parallax/lib/gcc/propeller-elf/4.6.1/../../../../propeller-elf/lib/xmmc/libc.a(thread.o)
                              /opt/parallax/lib/gcc/propeller-elf/4.6.1/../../../../propeller-elf/lib/xmmc/libc.a(fopen_intern.o) (__TLS)
/opt/parallax/lib/gcc/propeller-elf/4.6.1/../../../../propeller-elf/lib/xmmc/libc.a(memcpy.o)
                              char_fsm.o (_memcpy)
/opt/parallax/lib/gcc/propeller-elf/4.6.1/../../../../propeller-elf/lib/xmmc/libc.a(memset.o)
                              /opt/parallax/lib/gcc/propeller-elf/4.6.1/xmmc/_crtbegin.o (_memset)
/opt/parallax/lib/gcc/propeller-elf/4.6.1/../../../../propeller-elf/lib/xmmc/libc.a(strlen.o)
                              cmd_fsm.o (_strlen)
/opt/parallax/lib/gcc/propeller-elf/4.6.1/../../../../propeller-elf/lib/xmmc/libc.a(strncmp.o)
                              cmd_fsm.o (_strncmp)
/opt/parallax/lib/gcc/propeller-elf/4.6.1/../../../../propeller-elf/lib/xmmc/libc.a(xmmcopy.o)
                              /opt/parallax/lib/gcc/propeller-elf/4.6.1/../../../../propeller-elf/lib/xmmc/libc.a(memcpy.o) (__copy_from_xmm)
/opt/parallax/lib/gcc/propeller-elf/4.6.1/../../../../propeller-elf/lib/xmmc/libc.a(sleep.o)
                              Pcon.o (_sleep)
/opt/parallax/lib/gcc/propeller-elf/4.6.1/../../../../propeller-elf/lib/xmmc/libc.a(FdSerial.o)
                              Pcon.o (__FullDuplexSerialDriver)
/opt/parallax/lib/gcc/propeller-elf/4.6.1/../../../../propeller-elf/lib/xmmc/libc.a(FullDuplexSerial.cog)
                              /opt/parallax/lib/gcc/propeller-elf/4.6.1/../../../../propeller-elf/lib/xmmc/libc.a(FdSerial.o) (_binary_FullDuplexSerial_dat_start)
/opt/parallax/lib/gcc/propeller-elf/4.6.1/../../../../propeller-elf/lib/xmmc/libc.a(drivers.o)
                              /opt/parallax/lib/gcc/propeller-elf/4.6.1/../../../../propeller-elf/lib/xmmc/libc.a(FdSerial.o) (_load_cog_driver_xmm)
/opt/parallax/lib/gcc/propeller-elf/4.6.1/../../../../propeller-elf/lib/xmmc/libc.a(terminal.o)
                              /opt/parallax/lib/gcc/propeller-elf/4.6.1/../../../../propeller-elf/lib/xmmc/libc.a(FdSerial.o) (__term_write)
/opt/parallax/lib/gcc/propeller-elf/4.6.1/../../../../propeller-elf/lib/xmmc/libc.a(FileDriver.o)
                              Pcon.o (__FileDriver)
/opt/parallax/lib/gcc/propeller-elf/4.6.1/../../../../propeller-elf/lib/xmmc/libc.a(dosfs.o)
                              /opt/parallax/lib/gcc/propeller-elf/4.6.1/../../../../propeller-elf/lib/xmmc/libc.a(FileDriver.o) (_DFS_GetVolInfo)
/opt/parallax/lib/gcc/propeller-elf/4.6.1/../../../../propeller-elf/lib/xmmc/libc.a(file_io.o)
                              /opt/parallax/lib/gcc/propeller-elf/4.6.1/../../../../propeller-elf/lib/xmmc/libc.a(FileDriver.o) (_DFS_InitFileIO)
/opt/parallax/lib/gcc/propeller-elf/4.6.1/../../../../propeller-elf/lib/xmmc/libc.a(load_sd_driver.o)
                              /opt/parallax/lib/gcc/propeller-elf/4.6.1/../../../../propeller-elf/lib/xmmc/libc.a(FileDriver.o) (_LoadSDDriver)
/opt/parallax/lib/gcc/propeller-elf/4.6.1/../../../../propeller-elf/lib/xmmc/libc.a(sd_driver.cog)
                              /opt/parallax/lib/gcc/propeller-elf/4.6.1/../../../../propeller-elf/lib/xmmc/libc.a(load_sd_driver.o) (_binary_sd_driver_dat_start)
/opt/parallax/lib/gcc/propeller-elf/4.6.1/../../../../propeller-elf/lib/xmmc/libc.a(fflush.o)
                              /opt/parallax/lib/gcc/propeller-elf/4.6.1/../../../../propeller-elf/lib/xmmc/libc.a(fgetc.o) (_fflush)
/opt/parallax/lib/gcc/propeller-elf/4.6.1/../../../../propeller-elf/lib/xmmc/libc.a(stringio.o)
                              /opt/parallax/lib/gcc/propeller-elf/4.6.1/../../../../propeller-elf/lib/xmmc/libc.a(sscanf.o) (___string_file)
/opt/parallax/lib/gcc/propeller-elf/4.6.1/../../../../propeller-elf/lib/xmmc/libc.a(vfscanf.o)
                              /opt/parallax/lib/gcc/propeller-elf/4.6.1/../../../../propeller-elf/lib/xmmc/libc.a(sscanf.o) (_vfscanf)
/opt/parallax/lib/gcc/propeller-elf/4.6.1/../../../../propeller-elf/lib/xmmc/libc.a(atoi.o)
                              /opt/parallax/lib/gcc/propeller-elf/4.6.1/../../../../propeller-elf/lib/xmmc/libc.a(FdSerial.o) (_atoi)
/opt/parallax/lib/gcc/propeller-elf/4.6.1/../../../../propeller-elf/lib/xmmc/libc.a(div.o)
                              /opt/parallax/lib/gcc/propeller-elf/4.6.1/../../../../propeller-elf/lib/xmmc/libc.a(dosfs.o) (_ldiv)
/opt/parallax/lib/gcc/propeller-elf/4.6.1/../../../../propeller-elf/lib/xmmc/libc.a(toupper.o)
                              /opt/parallax/lib/gcc/propeller-elf/4.6.1/../../../../propeller-elf/lib/xmmc/libc.a(vfscanf.o) (_toupper)
/opt/parallax/lib/gcc/propeller-elf/4.6.1/../../../../propeller-elf/lib/xmmc/libc.a(nap.o)
                              /opt/parallax/lib/gcc/propeller-elf/4.6.1/../../../../propeller-elf/lib/xmmc/libc.a(sleep.o) (___napuntil)
/opt/parallax/lib/gcc/propeller-elf/4.6.1/../../../../propeller-elf/lib/xmmc/libc.a(memcmp.o)
                              /opt/parallax/lib/gcc/propeller-elf/4.6.1/../../../../propeller-elf/lib/xmmc/libc.a(dosfs.o) (_memcmp)
/opt/parallax/lib/gcc/propeller-elf/4.6.1/../../../../propeller-elf/lib/xmmc/libc.a(strcat.o)
                              /opt/parallax/lib/gcc/propeller-elf/4.6.1/../../../../propeller-elf/lib/xmmc/libc.a(FileDriver.o) (_strcat)
/opt/parallax/lib/gcc/propeller-elf/4.6.1/../../../../propeller-elf/lib/xmmc/libc.a(strcmp.o)
                              /opt/parallax/lib/gcc/propeller-elf/4.6.1/../../../../propeller-elf/lib/xmmc/libc.a(FileDriver.o) (_strcmp)
/opt/parallax/lib/gcc/propeller-elf/4.6.1/../../../../propeller-elf/lib/xmmc/libc.a(strcpy.o)
                              /opt/parallax/lib/gcc/propeller-elf/4.6.1/../../../../propeller-elf/lib/xmmc/libc.a(FileDriver.o) (_strcpy)
/opt/parallax/lib/gcc/propeller-elf/4.6.1/../../../../propeller-elf/lib/xmmc/libc.a(strncpy.o)
                              /opt/parallax/lib/gcc/propeller-elf/4.6.1/../../../../propeller-elf/lib/xmmc/libc.a(dosfs.o) (_strncpy)
/opt/parallax/lib/gcc/propeller-elf/4.6.1/../../../../propeller-elf/lib/xmmc/libc.a(serialparam.o)
                              /opt/parallax/lib/gcc/propeller-elf/4.6.1/../../../../propeller-elf/lib/xmmc/libc.a(FdSerial.o) (__baud)
/opt/parallax/lib/gcc/propeller-elf/4.6.1/../../../../propeller-elf/lib/xmmc/libc.a(memory.o)
                              /opt/parallax/lib/gcc/propeller-elf/4.6.1/../../../../propeller-elf/lib/xmmc/libc.a(stringio.o) (__memory_driver)
/opt/parallax/lib/gcc/propeller-elf/4.6.1/../../../../propeller-elf/lib/xmmc/libc.a(mbrtowc_ascii.o)
                              /opt/parallax/lib/gcc/propeller-elf/4.6.1/../../../../propeller-elf/lib/xmmc/libc.a(vfscanf.o) (__mbrtowc_ptr)
/opt/parallax/lib/gcc/propeller-elf/4.6.1/../../../../propeller-elf/lib/xmmc/libc.a(ungetc.o)
                              /opt/parallax/lib/gcc/propeller-elf/4.6.1/../../../../propeller-elf/lib/xmmc/libc.a(vfscanf.o) (_ungetc)
/opt/parallax/lib/gcc/propeller-elf/4.6.1/xmmc/libgcc.a(_muldi3.o)
                              /opt/parallax/lib/gcc/propeller-elf/4.6.1/../../../../propeller-elf/lib/xmmc/libc.a(vfscanf.o) (___muldi3)

Allocating common symbols
Common symbol       size              file

_input_buffer       0x80              Pcon.o
___stdio_lock       0x4               /opt/parallax/lib/gcc/propeller-elf/4.6.1/../../../../propeller-elf/lib/xmmc/libc.a(fopen_intern.o)
_cmd_state          0x1               Pcon.o
_head               0x4               char_fsm.o
_dfs_volinfo        0x34              /opt/parallax/lib/gcc/propeller-elf/4.6.1/../../../../propeller-elf/lib/xmmc/libc.a(FileDriver.o)
_tbuf               0x3c              Pcon.o
_tail               0x4               char_fsm.o
_(float, int, long,...)(short)
                    0x1a0             /opt/parallax/lib/gcc/propeller-elf/4.6.1/../../../../propeller-elf/lib/xmmc/libc.a(fopen_intern.o)
_dfs_currdir        0x40              /opt/parallax/lib/gcc/propeller-elf/4.6.1/../../../../propeller-elf/lib/xmmc/libc.a(FileDriver.o)
_char_state         0x1               Pcon.o
_input_buffer_ptr   0x4               Pcon.o

Memory Configuration

Name             Origin             Length             Attributes
hub              0x0000000000000000 0x0000000000008000
cog              0x0000000000000000 0x00000000000007c0
coguser          0x0000000000000000 0x00000000000007c0
ram              0x0000000020000000 0x0000000010000000
rom              0x0000000030000000 0x0000000010000000
drivers          0x00000000c0000000 0x0000000000100000
dummy            0x00000000e0000000 0x0000000000100000
*default*        0x0000000000000000 0xffffffffffffffff

Linker script and memory map

LOAD /opt/parallax/lib/gcc/propeller-elf/4.6.1/xmmc/hubstart_xmm.o
LOAD /opt/parallax/lib/gcc/propeller-elf/4.6.1/xmmc/_crt0.o
LOAD /opt/parallax/lib/gcc/propeller-elf/4.6.1/xmmc/_crtbegin.o
LOAD Pcon.o
LOAD char_fsm.o
LOAD cmd_fsm.o
LOAD /opt/parallax/lib/gcc/propeller-elf/4.6.1/xmmc/libgcc.a
START GROUP
LOAD /opt/parallax/lib/gcc/propeller-elf/4.6.1/../../../../propeller-elf/lib/xmmc/libc.a
LOAD /opt/parallax/lib/gcc/propeller-elf/4.6.1/xmmc/libgcc.a
END GROUP
LOAD /opt/parallax/lib/gcc/propeller-elf/4.6.1/xmmc/libgcc.a
LOAD /opt/parallax/lib/gcc/propeller-elf/4.6.1/xmmc/_crtend.o

.boot
 *(.boot)

.xmmkernel      0x0000000000000000      0x6c8 load address 0x00000000e0000000
 *(.xmmkernel)
 .xmmkernel     0x0000000000000000      0x6c4 /opt/parallax/lib/gcc/propeller-elf/4.6.1/xmmc/_crt0.o
                0x0000000000000000                r0
                0x0000000000000000                __LMM_entry
                0x0000000000000004                r1
                0x0000000000000008                r2
                0x000000000000000c                r3
                0x0000000000000010                r4
                0x0000000000000014                r5
                0x0000000000000018                r6
                0x000000000000001c                r7
                0x0000000000000020                r8
                0x0000000000000024                r9
                0x0000000000000028                r10
                0x000000000000002c                r11
                0x0000000000000030                r12
                0x0000000000000034                r13
                0x0000000000000038                r14
                0x000000000000003c                lr
                0x0000000000000040                sp
                0x0000000000000044                pc
                0x0000000000000048                __C_LOCK_PTR
                0x000000000000005c                __LMM_MVI_r0
                0x000000000000006c                __LMM_MVI_r1
                0x000000000000007c                __LMM_MVI_r2
                0x000000000000008c                __LMM_MVI_r3
                0x000000000000009c                __LMM_MVI_r4
                0x00000000000000ac                __LMM_MVI_r5
                0x00000000000000bc                __LMM_MVI_r6
                0x00000000000000cc                __LMM_MVI_r7
                0x00000000000000dc                __LMM_MVI_r8
                0x00000000000000ec                __LMM_MVI_r9
                0x00000000000000fc                __LMM_MVI_r10
                0x000000000000010c                __LMM_MVI_r11
                0x000000000000011c                __LMM_MVI_r12
                0x000000000000012c                __LMM_MVI_r13
                0x000000000000013c                __LMM_MVI_r14
                0x000000000000014c                __LMM_MVI_lr
                0x000000000000015c                __LMM_CALL
                0x0000000000000170                __LMM_CALL_INDIRECT
                0x000000000000017c                __LMM_JMP
                0x000000000000018c                __LMM_RDBYTEI
                0x0000000000000194                __LMM_RDWORDI
                0x000000000000019c                __LMM_RDLONGI
                0x00000000000001d0                __LMM_RDBYTEI_ret
                0x00000000000001d0                __LMM_RDLONGI_ret
                0x00000000000001d0                __LMM_RDWORDI_ret
                0x00000000000001d4                __LMM_WRBYTEI
                0x00000000000001dc                __LMM_WRWORDI
                0x00000000000001e4                __LMM_WRLONGI
                0x0000000000000218                __LMM_WRWORDI_ret
                0x0000000000000218                __LMM_WRBYTEI_ret
                0x0000000000000218                __LMM_WRLONGI_ret
                0x000000000000021c                __LMM_PUSHM
                0x000000000000023c                __LMM_PUSHM_ret
                0x0000000000000244                __LMM_POPRET
                0x000000000000024c                __LMM_POPRET_ret
                0x0000000000000250                __LMM_POPM
                0x0000000000000270                __LMM_POPM_ret
                0x0000000000000274                __MASK_0000FFFF
                0x0000000000000278                __MASK_FFFFFFFF
                0x000000000000027c                __TMP0
                0x0000000000000280                __TMP1
                0x0000000000000294                __CLZSI
                0x0000000000000298                __CTZSI
                0x00000000000002d0                __CLZSI_ret
                0x00000000000002dc                __UDIVSI
                0x0000000000000320                __UDIVSI_ret
                0x0000000000000328                __DIVSI
                0x0000000000000350                __DIVSI_ret
                0x0000000000000360                __MULSI
                0x0000000000000380                __MULSI_ret
                0x0000000000000430                __LMM_RET
                0x0000000000000434                __LMM_FCACHE_LOAD
                0x0000000000000474                __CMPSWAPSI
                0x00000000000004c0                __CMPSWAPSI_ret
                0x00000000000004c4                __LMM_FCACHE_START
 *(.kernel)
 .kernel        0x00000000000006c4        0x4 /opt/parallax/lib/gcc/propeller-elf/4.6.1/../../../../propeller-elf/lib/xmmc/libc.a(thread.o)
                0x00000000000006c4                __TLS

.header         0x0000000030000000        0xc
                0x0000000030000000        0x4 LONG 0x3000000c entry
                0x0000000030000004        0x4 LONG 0x0
                0x0000000030000008        0x4 LONG 0x0

.init           0x000000003000000c       0xb8
 *(.init*)
 .init          0x000000003000000c       0xa0 /opt/parallax/lib/gcc/propeller-elf/4.6.1/xmmc/_crtbegin.o
                0x000000003000000c                entry
                0x000000003000000c                start
                0x0000000030000054                ___init
 .init          0x00000000300000ac       0x18 /opt/parallax/lib/gcc/propeller-elf/4.6.1/xmmc/_crtend.o

.text           0x00000000300000c4     0x73a0
 *(.text*)
 .text          0x00000000300000c4        0x0 /opt/parallax/lib/gcc/propeller-elf/4.6.1/xmmc/hubstart_xmm.o
 .text          0x00000000300000c4        0x0 /opt/parallax/lib/gcc/propeller-elf/4.6.1/xmmc/_crt0.o
 .text          0x00000000300000c4        0x0 /opt/parallax/lib/gcc/propeller-elf/4.6.1/xmmc/_crtbegin.o
 .text          0x00000000300000c4      0x32c Pcon.o
                0x00000000300000c4                _disp_sys
                0x0000000030000204                _main
 .text          0x00000000300003f0      0x634 char_fsm.o
                0x00000000300003f0                __p0
                0x00000000300003f8                __p2
                0x000000003000041c                __p3
                0x0000000030000440                __p4
                0x0000000030000464                __p7
                0x0000000030000498                __p8
                0x00000000300004cc                _process_buffer
                0x0000000030000714                __p6
                0x0000000030000780                __p5
                0x00000000300007d0                _char_type
                0x0000000030000870                _char_fsm
                0x00000000300008d0                _test_cmd_q
                0x00000000300008e8                _pop_cmd_q
                0x000000003000098c                __p1
 .text          0x0000000030000a24      0x4f0 cmd_fsm.o
                0x0000000030000a24                _c_3
                0x0000000030000a6c                _c_2
                0x0000000030000b00                _c_0
                0x0000000030000b44                _c_1
                0x0000000030000c60                _is_valid_int
                0x0000000030000cc0                _cmd_type
                0x0000000030000d80                _cmd_fsm
 .text          0x0000000030000f14      0x184 /opt/parallax/lib/gcc/propeller-elf/4.6.1/../../../../propeller-elf/lib/xmmc/libc.a(fgetc.o)
                0x0000000030000f14                __filbuf
                0x000000003000104c                _fgetc
 .text          0x0000000030001098      0x100 /opt/parallax/lib/gcc/propeller-elf/4.6.1/../../../../propeller-elf/lib/xmmc/libc.a(fputc.o)
                0x0000000030001098                _fputc
 .text          0x0000000030001198      0x128 /opt/parallax/lib/gcc/propeller-elf/4.6.1/../../../../propeller-elf/lib/xmmc/libc.a(setvbuf.o)
                0x0000000030001198                _setvbuf
 .text          0x00000000300012c0      0x2f0 /opt/parallax/lib/gcc/propeller-elf/4.6.1/../../../../propeller-elf/lib/xmmc/libc.a(fopen_intern.o)
                0x00000000300012c0                ___fopen_driver
                0x0000000030001490                _fclose
 .text          0x00000000300015b0       0x74 /opt/parallax/lib/gcc/propeller-elf/4.6.1/../../../../propeller-elf/lib/xmmc/libc.a(sscanf.o)
                0x00000000300015b0                _sscanf
 .text          0x0000000030001624      0x394 /opt/parallax/lib/gcc/propeller-elf/4.6.1/../../../../propeller-elf/lib/xmmc/libc.a(simple_printf.o)
                0x0000000030001678                ___simple_printf
 .text          0x00000000300019b8       0xc8 /opt/parallax/lib/gcc/propeller-elf/4.6.1/../../../../propeller-elf/lib/xmmc/libc.a(init_io.o)
                0x00000000300019b8                __InitIO
 .text          0x0000000030001a80      0x314 /opt/parallax/lib/gcc/propeller-elf/4.6.1/../../../../propeller-elf/lib/xmmc/libc.a(malloc.o)
                0x0000000030001c08                __common_malloc
                0x0000000030001d0c                _hubmalloc
                0x0000000030001d34                _malloc
                0x0000000030001d5c                _free
                0x0000000030001d78                _hubfree
 .text          0x0000000030001d94        0x0 /opt/parallax/lib/gcc/propeller-elf/4.6.1/../../../../propeller-elf/lib/xmmc/libc.a(ctype.o)
 .text          0x0000000030001d94       0x1c /opt/parallax/lib/gcc/propeller-elf/4.6.1/../../../../propeller-elf/lib/xmmc/libc.a(sbrk.o)
                0x0000000030001d94                _sbrk
                0x0000000030001d94                __hubsbrk
                0x0000000030001d94                __sbrk
 .text          0x0000000030001db0        0x4 /opt/parallax/lib/gcc/propeller-elf/4.6.1/../../../../propeller-elf/lib/xmmc/libc.a(thread.o)
 .text          0x0000000030001db4       0xb8 /opt/parallax/lib/gcc/propeller-elf/4.6.1/../../../../propeller-elf/lib/xmmc/libc.a(memcpy.o)
                0x0000000030001db4                _memcpy
 .text          0x0000000030001e6c       0x9c /opt/parallax/lib/gcc/propeller-elf/4.6.1/../../../../propeller-elf/lib/xmmc/libc.a(memset.o)
                0x0000000030001e6c                _memset
 .text          0x0000000030001f08       0x2c /opt/parallax/lib/gcc/propeller-elf/4.6.1/../../../../propeller-elf/lib/xmmc/libc.a(strlen.o)
                0x0000000030001f08                _strlen
 .text          0x0000000030001f34       0x88 /opt/parallax/lib/gcc/propeller-elf/4.6.1/../../../../propeller-elf/lib/xmmc/libc.a(strncmp.o)
                0x0000000030001f34                _strncmp
 .text          0x0000000030001fbc       0xa0 /opt/parallax/lib/gcc/propeller-elf/4.6.1/../../../../propeller-elf/lib/xmmc/libc.a(xmmcopy.o)
                0x0000000030001fbc                __copy_from_xmm
 .text          0x000000003000205c       0x44 /opt/parallax/lib/gcc/propeller-elf/4.6.1/../../../../propeller-elf/lib/xmmc/libc.a(sleep.o)
                0x000000003000205c                _sleep
 .text          0x00000000300020a0      0x534 /opt/parallax/lib/gcc/propeller-elf/4.6.1/../../../../propeller-elf/lib/xmmc/libc.a(FdSerial.o)
                0x00000000300020a0                __FdSerial_start
                0x0000000030002348                __FdSerial_stop
                0x000000003000236c                __FdSerial_rxcheck
                0x00000000300023b0                __FdSerial_getbyte
                0x000000003000242c                __FdSerial_putbyte
                0x00000000300024c0                __FdSerial_rxflush
                0x00000000300024e8                __FdSerial_drain
 .text          0x00000000300025d4      0x1ac /opt/parallax/lib/gcc/propeller-elf/4.6.1/../../../../propeller-elf/lib/xmmc/libc.a(FullDuplexSerial.cog)
                0x00000000300025d4                _binary_FullDuplexSerial_dat_start
                0x0000000030002780                _binary_FullDuplexSerial_dat_end
 .text          0x0000000030002780       0xf0 /opt/parallax/lib/gcc/propeller-elf/4.6.1/../../../../propeller-elf/lib/xmmc/libc.a(drivers.o)
                0x0000000030002780                _get_cog_driver_xmm
                0x00000000300027bc                _load_cog_driver_xmm
                0x0000000030002834                _kernel_use_lock
 .text          0x0000000030002870        0x0 /opt/parallax/lib/gcc/propeller-elf/4.6.1/../../../../propeller-elf/lib/xmmc/libc.a(terminal.o)
 .text          0x0000000030002870      0x828 /opt/parallax/lib/gcc/propeller-elf/4.6.1/../../../../propeller-elf/lib/xmmc/libc.a(FileDriver.o)
                0x0000000030002918                _dfs_stdio_errno
                0x0000000030002a48                _mount_complete
                0x0000000030002b60                _dfs_mount_defaults
                0x0000000030002bb8                _dfs_resolve_path
 .text          0x0000000030003098     0x21dc /opt/parallax/lib/gcc/propeller-elf/4.6.1/../../../../propeller-elf/lib/xmmc/libc.a(dosfs.o)
                0x0000000030003098                _dfs_setDefaultFileDateTime
                0x000000003000311c                _DFS_SetDirEntDateTime
                0x00000000300031b0                _DFS_SetStartCluster
                0x00000000300031fc                _DFS_GetVolInfo
                0x00000000300034c4                _DFS_GetFAT
                0x0000000030003640                _DFS_SetFAT
                0x00000000300037f4                _DFS_CanonicalToDir
                0x00000000300038a4                _DFS_GetFreeFAT
                0x0000000030003918                _DFS_GetNext
                0x0000000030003b78                _DFS_OpenDir
                0x0000000030003ebc                _DFS_GetFreeDirEnt
                0x00000000300040c4                _DFS_OpenFile
                0x000000003000469c                _DFS_ReadFile
                0x00000000300049cc                _DFS_Seek
                0x0000000030004ba0                _DFS_UnlinkFile
                0x0000000030004d08                _DFS_WriteFile
 .text          0x0000000030005274      0x298 /opt/parallax/lib/gcc/propeller-elf/4.6.1/../../../../propeller-elf/lib/xmmc/libc.a(file_io.o)
                0x0000000030005274                _dfs_use_lock
                0x00000000300052bc                _DFS_InitFileIO
                0x000000003000535c                _DFS_ReadSector
                0x0000000030005448                _DFS_WriteSector
 .text          0x000000003000550c       0xc0 /opt/parallax/lib/gcc/propeller-elf/4.6.1/../../../../propeller-elf/lib/xmmc/libc.a(load_sd_driver.o)
                0x000000003000550c                _LoadSDDriver
 .text          0x00000000300055cc      0x52c /opt/parallax/lib/gcc/propeller-elf/4.6.1/../../../../propeller-elf/lib/xmmc/libc.a(sd_driver.cog)
                0x00000000300055cc                _binary_sd_driver_dat_start
                0x0000000030005af8                _binary_sd_driver_dat_end
 .text          0x0000000030005af8      0x1ac /opt/parallax/lib/gcc/propeller-elf/4.6.1/../../../../propeller-elf/lib/xmmc/libc.a(fflush.o)
                0x0000000030005c4c                _fflush
 .text          0x0000000030005ca4       0x5c /opt/parallax/lib/gcc/propeller-elf/4.6.1/../../../../propeller-elf/lib/xmmc/libc.a(stringio.o)
                0x0000000030005ca4                ___string_file
 .text          0x0000000030005d00     0x1118 /opt/parallax/lib/gcc/propeller-elf/4.6.1/../../../../propeller-elf/lib/xmmc/libc.a(vfscanf.o)
                0x00000000300060bc                _vfscanf
 .text          0x0000000030006e18       0xa4 /opt/parallax/lib/gcc/propeller-elf/4.6.1/../../../../propeller-elf/lib/xmmc/libc.a(atoi.o)
                0x0000000030006e18                _atoi
                0x0000000030006e18                _atol
 .text          0x0000000030006ebc       0x18 /opt/parallax/lib/gcc/propeller-elf/4.6.1/../../../../propeller-elf/lib/xmmc/libc.a(div.o)
                0x0000000030006ebc                _ldiv
                0x0000000030006ebc                _div
 .text          0x0000000030006ed4       0x24 /opt/parallax/lib/gcc/propeller-elf/4.6.1/../../../../propeller-elf/lib/xmmc/libc.a(toupper.o)
                0x0000000030006ed4                _toupper
 .text          0x0000000030006ef8       0x5c /opt/parallax/lib/gcc/propeller-elf/4.6.1/../../../../propeller-elf/lib/xmmc/libc.a(nap.o)
                0x0000000030006ef8                ___napuntil
 .text          0x0000000030006f54       0x50 /opt/parallax/lib/gcc/propeller-elf/4.6.1/../../../../propeller-elf/lib/xmmc/libc.a(memcmp.o)
                0x0000000030006f54                _memcmp
 .text          0x0000000030006fa4       0x4c /opt/parallax/lib/gcc/propeller-elf/4.6.1/../../../../propeller-elf/lib/xmmc/libc.a(strcat.o)
                0x0000000030006fa4                _strcat
 .text          0x0000000030006ff0       0x6c /opt/parallax/lib/gcc/propeller-elf/4.6.1/../../../../propeller-elf/lib/xmmc/libc.a(strcmp.o)
                0x0000000030006ff0                _strcmp
 .text          0x000000003000705c       0x2c /opt/parallax/lib/gcc/propeller-elf/4.6.1/../../../../propeller-elf/lib/xmmc/libc.a(strcpy.o)
                0x000000003000705c                _strcpy
 .text          0x0000000030007088       0x58 /opt/parallax/lib/gcc/propeller-elf/4.6.1/../../../../propeller-elf/lib/xmmc/libc.a(strncpy.o)
                0x0000000030007088                _strncpy
 .text          0x00000000300070e0        0x0 /opt/parallax/lib/gcc/propeller-elf/4.6.1/../../../../propeller-elf/lib/xmmc/libc.a(serialparam.o)
 .text          0x00000000300070e0      0x1e8 /opt/parallax/lib/gcc/propeller-elf/4.6.1/../../../../propeller-elf/lib/xmmc/libc.a(memory.o)
 .text          0x00000000300072c8       0x38 /opt/parallax/lib/gcc/propeller-elf/4.6.1/../../../../propeller-elf/lib/xmmc/libc.a(mbrtowc_ascii.o)
                0x00000000300072c8                __mbrtowc_ascii
 .text          0x0000000030007300       0x78 /opt/parallax/lib/gcc/propeller-elf/4.6.1/../../../../propeller-elf/lib/xmmc/libc.a(ungetc.o)
                0x0000000030007300                _ungetc
 .text          0x0000000030007378       0xec /opt/parallax/lib/gcc/propeller-elf/4.6.1/xmmc/libgcc.a(_muldi3.o)
                0x0000000030007378                ___muldi3
 .text          0x0000000030007464        0x0 /opt/parallax/lib/gcc/propeller-elf/4.6.1/xmmc/_crtend.o
                0x0000000030007464                _etext = .

.fini           0x0000000030007464       0x3c
 *(.fini*)
 .fini          0x0000000030007464       0x28 /opt/parallax/lib/gcc/propeller-elf/4.6.1/xmmc/_crtbegin.o
                0x0000000030007464                _exit
 .fini          0x000000003000748c       0x14 /opt/parallax/lib/gcc/propeller-elf/4.6.1/xmmc/_crtend.o
                0x0000000030007490                __exit
                0x0000000030007490                __Exit
                0x000000003000749c                __ExitHook

.hub            0x0000000000000000     0x1310 load address 0x00000000300074a0
 *(.hubstart)
 .hubstart      0x0000000000000000       0x20 /opt/parallax/lib/gcc/propeller-elf/4.6.1/xmmc/hubstart_xmm.o
                0x0000000000000000                __clkfreq
                0x0000000000000004                __clkmode
                0x0000000000000006                __xmm_mbox_p
 *(.hubtext*)
 .hubtext       0x0000000000000020      0x23c /opt/parallax/lib/gcc/propeller-elf/4.6.1/../../../../propeller-elf/lib/xmmc/libc.a(terminal.o)
                0x0000000000000020                __term_write
                0x00000000000000ac                __term_read
 .hubtext       0x000000000000025c       0x34 /opt/parallax/lib/gcc/propeller-elf/4.6.1/../../../../propeller-elf/lib/xmmc/libc.a(file_io.o)
 *(.hubdata*)
 *(.hub)
 .hub           0x0000000000000290       0xc8 Pcon.o
                0x0000000000000290                _gptr
                0x0000000000000294                _globals
 .hub           0x0000000000000358      0x7c0 /opt/parallax/lib/gcc/propeller-elf/4.6.1/../../../../propeller-elf/lib/xmmc/libc.a(drivers.o)
                0x0000000000000358                __hub_buffer
 .hub           0x0000000000000b18      0x200 /opt/parallax/lib/gcc/propeller-elf/4.6.1/../../../../propeller-elf/lib/xmmc/libc.a(FileDriver.o)
                0x0000000000000b18                _dfs_scratch
 .hub           0x0000000000000d18        0x8 /opt/parallax/lib/gcc/propeller-elf/4.6.1/../../../../propeller-elf/lib/xmmc/libc.a(file_io.o)
 .hub           0x0000000000000d20        0x8 /opt/parallax/lib/gcc/propeller-elf/4.6.1/../../../../propeller-elf/lib/xmmc/libc.a(load_sd_driver.o)
 *(.data)
 .data          0x0000000000000d28        0x0 /opt/parallax/lib/gcc/propeller-elf/4.6.1/xmmc/hubstart_xmm.o
 .data          0x0000000000000d28        0x0 /opt/parallax/lib/gcc/propeller-elf/4.6.1/xmmc/_crt0.o
 .data          0x0000000000000d28        0x0 /opt/parallax/lib/gcc/propeller-elf/4.6.1/xmmc/_crtbegin.o
 .data          0x0000000000000d28      0x174 Pcon.o
                0x0000000000000e90                __driverlist
 .data          0x0000000000000e9c       0x88 char_fsm.o
                0x0000000000000eac                _char_new_state
                0x0000000000000ec4                _char_action
 .data          0x0000000000000f24      0x264 cmd_fsm.o
                0x0000000000000ffc                _cmd_action
 .data          0x0000000000001188        0x0 /opt/parallax/lib/gcc/propeller-elf/4.6.1/../../../../propeller-elf/lib/xmmc/libc.a(fgetc.o)
 .data          0x0000000000001188        0x0 /opt/parallax/lib/gcc/propeller-elf/4.6.1/../../../../propeller-elf/lib/xmmc/libc.a(fputc.o)
 .data          0x0000000000001188        0x0 /opt/parallax/lib/gcc/propeller-elf/4.6.1/../../../../propeller-elf/lib/xmmc/libc.a(setvbuf.o)
 .data          0x0000000000001188        0x4 /opt/parallax/lib/gcc/propeller-elf/4.6.1/../../../../propeller-elf/lib/xmmc/libc.a(fopen_intern.o)
                0x0000000000001188                ___dummy
 .data          0x000000000000118c        0x4 /opt/parallax/lib/gcc/propeller-elf/4.6.1/../../../../propeller-elf/lib/xmmc/libc.a(sscanf.o)
 .data          0x0000000000001190       0x14 /opt/parallax/lib/gcc/propeller-elf/4.6.1/../../../../propeller-elf/lib/xmmc/libc.a(simple_printf.o)
 .data          0x00000000000011a4        0xc /opt/parallax/lib/gcc/propeller-elf/4.6.1/../../../../propeller-elf/lib/xmmc/libc.a(init_io.o)
 .data          0x00000000000011b0        0x8 /opt/parallax/lib/gcc/propeller-elf/4.6.1/../../../../propeller-elf/lib/xmmc/libc.a(malloc.o)
                0x00000000000011b0                __malloc_heap
 .data          0x00000000000011b8       0x84 /opt/parallax/lib/gcc/propeller-elf/4.6.1/../../../../propeller-elf/lib/xmmc/libc.a(ctype.o)
                0x00000000000011b8                ___ctype
 .data          0x000000000000123c        0x4 /opt/parallax/lib/gcc/propeller-elf/4.6.1/../../../../propeller-elf/lib/xmmc/libc.a(sbrk.o)
                0x000000000000123c                __heap_base
 .data          0x0000000000001240        0x4 /opt/parallax/lib/gcc/propeller-elf/4.6.1/../../../../propeller-elf/lib/xmmc/libc.a(thread.o)
                0x0000000000001240                ___yield_ptr
 .data          0x0000000000001244        0x0 /opt/parallax/lib/gcc/propeller-elf/4.6.1/../../../../propeller-elf/lib/xmmc/libc.a(memcpy.o)
 .data          0x0000000000001244        0x0 /opt/parallax/lib/gcc/propeller-elf/4.6.1/../../../../propeller-elf/lib/xmmc/libc.a(memset.o)
 .data          0x0000000000001244        0x0 /opt/parallax/lib/gcc/propeller-elf/4.6.1/../../../../propeller-elf/lib/xmmc/libc.a(strlen.o)
 .data          0x0000000000001244        0x0 /opt/parallax/lib/gcc/propeller-elf/4.6.1/../../../../propeller-elf/lib/xmmc/libc.a(strncmp.o)
 .data          0x0000000000001244        0x0 /opt/parallax/lib/gcc/propeller-elf/4.6.1/../../../../propeller-elf/lib/xmmc/libc.a(xmmcopy.o)
 .data          0x0000000000001244        0x0 /opt/parallax/lib/gcc/propeller-elf/4.6.1/../../../../propeller-elf/lib/xmmc/libc.a(sleep.o)
 .data          0x0000000000001244       0x2c /opt/parallax/lib/gcc/propeller-elf/4.6.1/../../../../propeller-elf/lib/xmmc/libc.a(FdSerial.o)
                0x0000000000001244                __FullDuplexSerialDriver
                0x0000000000001268                __FullSerialName
 .data          0x0000000000001270        0x0 /opt/parallax/lib/gcc/propeller-elf/4.6.1/../../../../propeller-elf/lib/xmmc/libc.a(drivers.o)
 .data          0x0000000000001270        0x0 /opt/parallax/lib/gcc/propeller-elf/4.6.1/../../../../propeller-elf/lib/xmmc/libc.a(terminal.o)
 .data          0x0000000000001270       0x54 /opt/parallax/lib/gcc/propeller-elf/4.6.1/../../../../propeller-elf/lib/xmmc/libc.a(FileDriver.o)
                0x0000000000001294                __cfg_sdspi_config2
                0x0000000000001298                __cfg_sdspi_config1
                0x000000000000129c                __FileDriver
 .data          0x00000000000012c4        0x8 /opt/parallax/lib/gcc/propeller-elf/4.6.1/../../../../propeller-elf/lib/xmmc/libc.a(dosfs.o)
                0x00000000000012c4                _DefaultFileDate
                0x00000000000012c8                _DefaultFileTime
 .data          0x00000000000012cc        0x0 /opt/parallax/lib/gcc/propeller-elf/4.6.1/../../../../propeller-elf/lib/xmmc/libc.a(file_io.o)
 .data          0x00000000000012cc        0x0 /opt/parallax/lib/gcc/propeller-elf/4.6.1/../../../../propeller-elf/lib/xmmc/libc.a(load_sd_driver.o)
 .data          0x00000000000012cc        0x0 /opt/parallax/lib/gcc/propeller-elf/4.6.1/../../../../propeller-elf/lib/xmmc/libc.a(fflush.o)
 .data          0x00000000000012cc        0x0 /opt/parallax/lib/gcc/propeller-elf/4.6.1/../../../../propeller-elf/lib/xmmc/libc.a(stringio.o)
 .data          0x00000000000012cc        0xc /opt/parallax/lib/gcc/propeller-elf/4.6.1/../../../../propeller-elf/lib/xmmc/libc.a(vfscanf.o)
 .data          0x00000000000012d8        0x0 /opt/parallax/lib/gcc/propeller-elf/4.6.1/../../../../propeller-elf/lib/xmmc/libc.a(atoi.o)
 .data          0x00000000000012d8        0x0 /opt/parallax/lib/gcc/propeller-elf/4.6.1/../../../../propeller-elf/lib/xmmc/libc.a(div.o)
 .data          0x00000000000012d8        0x0 /opt/parallax/lib/gcc/propeller-elf/4.6.1/../../../../propeller-elf/lib/xmmc/libc.a(toupper.o)
 .data          0x00000000000012d8        0x0 /opt/parallax/lib/gcc/propeller-elf/4.6.1/../../../../propeller-elf/lib/xmmc/libc.a(nap.o)
 .data          0x00000000000012d8        0x0 /opt/parallax/lib/gcc/propeller-elf/4.6.1/../../../../propeller-elf/lib/xmmc/libc.a(memcmp.o)
 .data          0x00000000000012d8        0x0 /opt/parallax/lib/gcc/propeller-elf/4.6.1/../../../../propeller-elf/lib/xmmc/libc.a(strcat.o)
 .data          0x00000000000012d8        0x0 /opt/parallax/lib/gcc/propeller-elf/4.6.1/../../../../propeller-elf/lib/xmmc/libc.a(strcmp.o)
 .data          0x00000000000012d8        0x0 /opt/parallax/lib/gcc/propeller-elf/4.6.1/../../../../propeller-elf/lib/xmmc/libc.a(strcpy.o)
 .data          0x00000000000012d8        0x0 /opt/parallax/lib/gcc/propeller-elf/4.6.1/../../../../propeller-elf/lib/xmmc/libc.a(strncpy.o)
 .data          0x00000000000012d8        0xc /opt/parallax/lib/gcc/propeller-elf/4.6.1/../../../../propeller-elf/lib/xmmc/libc.a(serialparam.o)
                0x00000000000012d8                __baud
                0x00000000000012dc                __txpin
                0x00000000000012e0                __rxpin
 .data          0x00000000000012e4       0x24 /opt/parallax/lib/gcc/propeller-elf/4.6.1/../../../../propeller-elf/lib/xmmc/libc.a(memory.o)
                0x00000000000012e4                __memory_driver
 .data          0x0000000000001308        0x4 /opt/parallax/lib/gcc/propeller-elf/4.6.1/../../../../propeller-elf/lib/xmmc/libc.a(mbrtowc_ascii.o)
                0x0000000000001308                __mbrtowc_ptr
 .data          0x000000000000130c        0x0 /opt/parallax/lib/gcc/propeller-elf/4.6.1/../../../../propeller-elf/lib/xmmc/libc.a(ungetc.o)
 .data          0x000000000000130c        0x0 /opt/parallax/lib/gcc/propeller-elf/4.6.1/xmmc/libgcc.a(_muldi3.o)
 .data          0x000000000000130c        0x0 /opt/parallax/lib/gcc/propeller-elf/4.6.1/xmmc/_crtend.o
 *(.data*)
 *(.rodata)
 *(.rodata*)
 *(.gnu.linkonce.d*)
                0x000000000000130c                PROVIDE (__C_LOCK, .)
                0x000000000000130c        0x4 LONG 0x0

.ctors          0x0000000000001310        0x8 load address 0x00000000300087b0
 *(.ctors*)
 .ctors         0x0000000000001310        0x4 /opt/parallax/lib/gcc/propeller-elf/4.6.1/../../../../propeller-elf/lib/xmmc/libc.a(init_io.o)
 .ctors         0x0000000000001314        0x4 /opt/parallax/lib/gcc/propeller-elf/4.6.1/xmmc/_crtend.o
                0x0000000000001314                __environ
                0x0000000000001314                __argv

.dtors          0x0000000000001318        0x8 load address 0x00000000300087b8
 *(.dtors*)
 .dtors         0x0000000000001318        0x4 /opt/parallax/lib/gcc/propeller-elf/4.6.1/../../../../propeller-elf/lib/xmmc/libc.a(fopen_intern.o)
 .dtors         0x000000000000131c        0x4 /opt/parallax/lib/gcc/propeller-elf/4.6.1/xmmc/_crtend.o

.data           0x0000000000001320        0x0 load address 0x00000000300087c0
                0x0000000000001320                . = ALIGN (0x4)

.bss            0x0000000000001320      0x458 load address 0x00000000300087c0
                0x0000000000001320                PROVIDE (__bss_start, .)
 *(.bss)
 .bss           0x0000000000001320        0x0 /opt/parallax/lib/gcc/propeller-elf/4.6.1/xmmc/hubstart_xmm.o
 .bss           0x0000000000001320        0x0 /opt/parallax/lib/gcc/propeller-elf/4.6.1/xmmc/_crt0.o
 .bss           0x0000000000001320        0x0 /opt/parallax/lib/gcc/propeller-elf/4.6.1/xmmc/_crtbegin.o
 .bss           0x0000000000001320        0x0 Pcon.o
 .bss           0x0000000000001320        0x0 char_fsm.o
 .bss           0x0000000000001320       0x68 cmd_fsm.o
                0x0000000000001320                _cmd_new_state
 .bss           0x0000000000001388        0x0 /opt/parallax/lib/gcc/propeller-elf/4.6.1/../../../../propeller-elf/lib/xmmc/libc.a(fgetc.o)
 .bss           0x0000000000001388        0x0 /opt/parallax/lib/gcc/propeller-elf/4.6.1/../../../../propeller-elf/lib/xmmc/libc.a(fputc.o)
 .bss           0x0000000000001388        0x0 /opt/parallax/lib/gcc/propeller-elf/4.6.1/../../../../propeller-elf/lib/xmmc/libc.a(setvbuf.o)
 .bss           0x0000000000001388        0x0 /opt/parallax/lib/gcc/propeller-elf/4.6.1/../../../../propeller-elf/lib/xmmc/libc.a(fopen_intern.o)
 .bss           0x0000000000001388        0x0 /opt/parallax/lib/gcc/propeller-elf/4.6.1/../../../../propeller-elf/lib/xmmc/libc.a(sscanf.o)
 .bss           0x0000000000001388        0x0 /opt/parallax/lib/gcc/propeller-elf/4.6.1/../../../../propeller-elf/lib/xmmc/libc.a(simple_printf.o)
 .bss           0x0000000000001388       0x50 /opt/parallax/lib/gcc/propeller-elf/4.6.1/../../../../propeller-elf/lib/xmmc/libc.a(init_io.o)
 .bss           0x00000000000013d8        0x4 /opt/parallax/lib/gcc/propeller-elf/4.6.1/../../../../propeller-elf/lib/xmmc/libc.a(malloc.o)
 .bss           0x00000000000013dc        0x0 /opt/parallax/lib/gcc/propeller-elf/4.6.1/../../../../propeller-elf/lib/xmmc/libc.a(ctype.o)
 .bss           0x00000000000013dc        0x0 /opt/parallax/lib/gcc/propeller-elf/4.6.1/../../../../propeller-elf/lib/xmmc/libc.a(sbrk.o)
 .bss           0x00000000000013dc       0xa8 /opt/parallax/lib/gcc/propeller-elf/4.6.1/../../../../propeller-elf/lib/xmmc/libc.a(thread.o)
                0x00000000000013dc                ___napuntil_ptr
 .bss           0x0000000000001484        0x0 /opt/parallax/lib/gcc/propeller-elf/4.6.1/../../../../propeller-elf/lib/xmmc/libc.a(memcpy.o)
 .bss           0x0000000000001484        0x0 /opt/parallax/lib/gcc/propeller-elf/4.6.1/../../../../propeller-elf/lib/xmmc/libc.a(memset.o)
 .bss           0x0000000000001484        0x0 /opt/parallax/lib/gcc/propeller-elf/4.6.1/../../../../propeller-elf/lib/xmmc/libc.a(strlen.o)
 .bss           0x0000000000001484        0x0 /opt/parallax/lib/gcc/propeller-elf/4.6.1/../../../../propeller-elf/lib/xmmc/libc.a(strncmp.o)
 .bss           0x0000000000001484        0x0 /opt/parallax/lib/gcc/propeller-elf/4.6.1/../../../../propeller-elf/lib/xmmc/libc.a(xmmcopy.o)
 .bss           0x0000000000001484        0x0 /opt/parallax/lib/gcc/propeller-elf/4.6.1/../../../../propeller-elf/lib/xmmc/libc.a(sleep.o)
 .bss           0x0000000000001484        0x4 /opt/parallax/lib/gcc/propeller-elf/4.6.1/../../../../propeller-elf/lib/xmmc/libc.a(FdSerial.o)
 .bss           0x0000000000001488        0x0 /opt/parallax/lib/gcc/propeller-elf/4.6.1/../../../../propeller-elf/lib/xmmc/libc.a(drivers.o)
 .bss           0x0000000000001488        0x0 /opt/parallax/lib/gcc/propeller-elf/4.6.1/../../../../propeller-elf/lib/xmmc/libc.a(terminal.o)
 .bss           0x0000000000001488        0x4 /opt/parallax/lib/gcc/propeller-elf/4.6.1/../../../../propeller-elf/lib/xmmc/libc.a(FileDriver.o)
                0x0000000000001488                _dfs_mountflag
 .bss           0x000000000000148c        0x0 /opt/parallax/lib/gcc/propeller-elf/4.6.1/../../../../propeller-elf/lib/xmmc/libc.a(dosfs.o)
 .bss           0x000000000000148c        0x4 /opt/parallax/lib/gcc/propeller-elf/4.6.1/../../../../propeller-elf/lib/xmmc/libc.a(file_io.o)
                0x000000000000148c                __sd_mbox_p
 .bss           0x0000000000001490        0x0 /opt/parallax/lib/gcc/propeller-elf/4.6.1/../../../../propeller-elf/lib/xmmc/libc.a(load_sd_driver.o)
 .bss           0x0000000000001490        0x0 /opt/parallax/lib/gcc/propeller-elf/4.6.1/../../../../propeller-elf/lib/xmmc/libc.a(fflush.o)
 .bss           0x0000000000001490        0x0 /opt/parallax/lib/gcc/propeller-elf/4.6.1/../../../../propeller-elf/lib/xmmc/libc.a(stringio.o)
 .bss           0x0000000000001490        0x0 /opt/parallax/lib/gcc/propeller-elf/4.6.1/../../../../propeller-elf/lib/xmmc/libc.a(vfscanf.o)
 .bss           0x0000000000001490        0x0 /opt/parallax/lib/gcc/propeller-elf/4.6.1/../../../../propeller-elf/lib/xmmc/libc.a(atoi.o)
 .bss           0x0000000000001490        0x0 /opt/parallax/lib/gcc/propeller-elf/4.6.1/../../../../propeller-elf/lib/xmmc/libc.a(div.o)
 .bss           0x0000000000001490        0x0 /opt/parallax/lib/gcc/propeller-elf/4.6.1/../../../../propeller-elf/lib/xmmc/libc.a(toupper.o)
 .bss           0x0000000000001490        0x0 /opt/parallax/lib/gcc/propeller-elf/4.6.1/../../../../propeller-elf/lib/xmmc/libc.a(nap.o)
 .bss           0x0000000000001490        0x0 /opt/parallax/lib/gcc/propeller-elf/4.6.1/../../../../propeller-elf/lib/xmmc/libc.a(memcmp.o)
 .bss           0x0000000000001490        0x0 /opt/parallax/lib/gcc/propeller-elf/4.6.1/../../../../propeller-elf/lib/xmmc/libc.a(strcat.o)
 .bss           0x0000000000001490        0x0 /opt/parallax/lib/gcc/propeller-elf/4.6.1/../../../../propeller-elf/lib/xmmc/libc.a(strcmp.o)
 .bss           0x0000000000001490        0x0 /opt/parallax/lib/gcc/propeller-elf/4.6.1/../../../../propeller-elf/lib/xmmc/libc.a(strcpy.o)
 .bss           0x0000000000001490        0x0 /opt/parallax/lib/gcc/propeller-elf/4.6.1/../../../../propeller-elf/lib/xmmc/libc.a(strncpy.o)
 .bss           0x0000000000001490        0x0 /opt/parallax/lib/gcc/propeller-elf/4.6.1/../../../../propeller-elf/lib/xmmc/libc.a(serialparam.o)
 .bss           0x0000000000001490        0x0 /opt/parallax/lib/gcc/propeller-elf/4.6.1/../../../../propeller-elf/lib/xmmc/libc.a(memory.o)
 .bss           0x0000000000001490        0x0 /opt/parallax/lib/gcc/propeller-elf/4.6.1/../../../../propeller-elf/lib/xmmc/libc.a(mbrtowc_ascii.o)
 .bss           0x0000000000001490        0x0 /opt/parallax/lib/gcc/propeller-elf/4.6.1/../../../../propeller-elf/lib/xmmc/libc.a(ungetc.o)
 .bss           0x0000000000001490        0x0 /opt/parallax/lib/gcc/propeller-elf/4.6.1/xmmc/libgcc.a(_muldi3.o)
 .bss           0x0000000000001490        0x0 /opt/parallax/lib/gcc/propeller-elf/4.6.1/xmmc/_crtend.o
 *(.bss*)
 *(COMMON)
 COMMON         0x0000000000001490       0xc8 Pcon.o
                0x0000000000001490                _input_buffer
                0x0000000000001510                _cmd_state
                0x0000000000001514                _tbuf
                0x0000000000001550                _char_state
                0x0000000000001554                _input_buffer_ptr
 COMMON         0x0000000000001558        0x8 char_fsm.o
                0x0000000000001558                _head
                0x000000000000155c                _tail
 COMMON         0x0000000000001560      0x1a4 /opt/parallax/lib/gcc/propeller-elf/4.6.1/../../../../propeller-elf/lib/xmmc/libc.a(fopen_intern.o)
                0x0000000000001560                ___stdio_lock
                0x0000000000001564                ___files
 COMMON         0x0000000000001704       0x74 /opt/parallax/lib/gcc/propeller-elf/4.6.1/../../../../propeller-elf/lib/xmmc/libc.a(FileDriver.o)
                0x0000000000001704                _dfs_volinfo
                0x0000000000001738                _dfs_currdir
                0x0000000000001778                PROVIDE (__bss_end, .)

.hub_heap       0x0000000000001778        0x4
                0x000000000000177c                . = (. + 0x4)
 *fill*         0x0000000000001778        0x4 00
                0x0000000000001778                ___hub_heap_start = ADDR (.hub_heap)

.drivers
 *(.drivers)
                0x00000000e0000000                __load_start_kernel = LOADADDR (.xmmkernel)
                0x0000000000001310                ___CTOR_LIST__ = ADDR (.ctors)
                0x0000000000001318                ___DTOR_LIST__ = ADDR (.dtors)

.hash
 *(.hash)

.dynsym
 *(.dynsym)

.dynstr
 *(.dynstr)

.gnu.version
 *(.gnu.version)

.gnu.version_d
 *(.gnu.version_d)

.gnu.version_r
 *(.gnu.version_r)

.rel.init
 *(.rel.init)

.rela.init
 *(.rela.init)

.rel.text
 *(.rel.text)
 *(.rel.text.*)
 *(.rel.gnu.linkonce.t*)

.rela.text
 *(.rela.text)
 *(.rela.text.*)
 *(.rela.gnu.linkonce.t*)

.rel.fini
 *(.rel.fini)

.rela.fini
 *(.rela.fini)

.rel.rodata
 *(.rel.rodata)
 *(.rel.rodata.*)
 *(.rel.gnu.linkonce.r*)

.rela.rodata
 *(.rela.rodata)
 *(.rela.rodata.*)
 *(.rela.gnu.linkonce.r*)

.rel.data
 *(.rel.data)
 *(.rel.data.*)
 *(.rel.gnu.linkonce.d*)

.rela.data
 *(.rela.data)
 *(.rela.data.*)
 *(.rela.gnu.linkonce.d*)

.rel.ctors
 *(.rel.ctors)

.rela.ctors
 *(.rela.ctors)

.rel.dtors
 *(.rel.dtors)

.rela.dtors
 *(.rela.dtors)

.rel.got
 *(.rel.got)

.rela.got
 *(.rela.got)

.rel.bss
 *(.rel.bss)

.rela.bss
 *(.rela.bss)

.rel.plt
 *(.rel.plt)

.rela.plt
 *(.rela.plt)

.stab
 *(.stab)

.stabstr
 *(.stabstr)

.stab.excl
 *(.stab.excl)

.stab.exclstr
 *(.stab.exclstr)

.stab.index
 *(.stab.index)

.stab.indexstr
 *(.stab.indexstr)

.comment
 *(.comment)

.debug
 *(.debug)

.line
 *(.line)

.debug_srcinfo
 *(.debug_srcinfo .zdebug_srcinfo)

.debug_sfnames
 *(.debug_sfnames .zdebug_sfnames)

.debug_aranges  0x0000000000000000       0x20
 *(.debug_aranges .zdebug_aranges)
 .debug_aranges
                0x0000000000000000       0x20 /opt/parallax/lib/gcc/propeller-elf/4.6.1/xmmc/libgcc.a(_muldi3.o)

.debug_pubnames
 *(.debug_pubnames .zdebug_pubnames)

.debug_info     0x0000000000000000      0x2e7
 *(.debug_info .gnu.linkonce.wi.* .zdebug_info)
 .debug_info    0x0000000000000000      0x2e7 /opt/parallax/lib/gcc/propeller-elf/4.6.1/xmmc/libgcc.a(_muldi3.o)

.debug_abbrev   0x0000000000000000       0xd2
 *(.debug_abbrev .zdebug_abbrev)
 .debug_abbrev  0x0000000000000000       0xd2 /opt/parallax/lib/gcc/propeller-elf/4.6.1/xmmc/libgcc.a(_muldi3.o)

.debug_line     0x0000000000000000       0xbe
 *(.debug_line .zdebug_line)
 .debug_line    0x0000000000000000       0xbe /opt/parallax/lib/gcc/propeller-elf/4.6.1/xmmc/libgcc.a(_muldi3.o)

.debug_frame    0x0000000000000000       0x30
 *(.debug_frame .zdebug_frame)
 .debug_frame   0x0000000000000000       0x30 /opt/parallax/lib/gcc/propeller-elf/4.6.1/xmmc/libgcc.a(_muldi3.o)

.debug_str
 *(.debug_str .zdebug_str)

.debug_loc      0x0000000000000000      0x112
 *(.debug_loc .zdebug_loc)
 .debug_loc     0x0000000000000000      0x112 /opt/parallax/lib/gcc/propeller-elf/4.6.1/xmmc/libgcc.a(_muldi3.o)

.debug_macinfo
 *(.debug_macinfo .zdebug_macinfo)
                0x00000000000007c0                PROVIDE (par, PAR)
                0x00000000000007c4                PROVIDE (cnt, CNT)
                0x00000000000007c8                PROVIDE (ina, INA)
                0x00000000000007cc                PROVIDE (inb, INB)
                0x00000000000007d0                PROVIDE (outa, OUTA)
                0x00000000000007d4                PROVIDE (outb, OUTB)
                0x00000000000007d8                PROVIDE (dira, DIRA)
                0x00000000000007dc                PROVIDE (dirb, DIRB)
                0x00000000000007e0                PROVIDE (ctra, CTRA)
                0x00000000000007e4                PROVIDE (ctrb, CTRB)
                0x00000000000007e8                PROVIDE (frqa, FRQA)
                0x00000000000007ec                PROVIDE (frqb, FRQB)
                0x00000000000007f0                PROVIDE (phsa, PHSA)
                0x00000000000007f4                PROVIDE (phsb, PHSB)
                0x00000000000007f8                PROVIDE (vcfg, VCFG)
                0x00000000000007fc                PROVIDE (vscl, VSCL)
                0x0000000000001788                PROVIDE (__hub_end, (ADDR (.hub_heap) + 0x10))
                0x0000000000008000                PROVIDE (__stack_end, 0x8000)
OUTPUT(Pcon.elf elf32-propeller)

.debug_ranges   0x0000000000000000       0x70
 .debug_ranges  0x0000000000000000       0x70 /opt/parallax/lib/gcc/propeller-elf/4.6.1/xmmc/libgcc.a(_muldi3.o)
